../Core/Src/main.c:77:6:microDelay	16	static
../Core/Src/main.c:83:9:DHT22_Start	32	static
../Core/Src/main.c:113:9:DHT22_Read	16	static
../Core/Src/main.c:144:5:main	72	static
../Core/Src/main.c:269:6:SystemClock_Config	72	static
../Core/Src/main.c:309:13:MX_SPI2_Init	8	static
../Core/Src/main.c:348:13:MX_TIM1_Init	32	static
../Core/Src/main.c:394:13:MX_USART2_UART_Init	8	static
../Core/Src/main.c:425:13:MX_DMA_Init	16	static
../Core/Src/main.c:443:13:MX_GPIO_Init	40	static
../Core/Src/main.c:497:6:Error_Handler	4	static,ignoring_inline_asm
