../Core/Src/main.c:76:6:microDelay	16	static
../Core/Src/main.c:82:9:DHT22_Start	32	static
../Core/Src/main.c:112:9:DHT22_Read	16	static
../Core/Src/main.c:143:5:main	24	static
../Core/Src/main.c:237:6:SystemClock_Config	72	static
../Core/Src/main.c:277:13:MX_SPI2_Init	8	static
../Core/Src/main.c:316:13:MX_TIM1_Init	32	static
../Core/Src/main.c:362:13:MX_USART2_UART_Init	8	static
../Core/Src/main.c:393:13:MX_DMA_Init	16	static
../Core/Src/main.c:411:13:MX_GPIO_Init	40	static
../Core/Src/main.c:484:6:Error_Handler	4	static,ignoring_inline_asm
