19:01:49 **** Incremental Build of configuration Debug for project STM32Proj ****
make -j20 all 
arm-none-eabi-gcc "../Core/Src/main.c" -mcpu=cortex-m3 -std=gnu11 -g -DDEBUG -DUSE_HAL_DRIVER -DSTM32F103xB -c -I../Core/Inc -I../Drivers/STM32F1xx_HAL_Driver/Inc -I../Drivers/STM32F1xx_HAL_Driver/Inc/Legacy -I../Drivers/CMSIS/Device/ST/STM32F1xx/Include -I../Drivers/CMSIS/Include -O0 -ffunction-sections -fdata-sections -Wall -fstack-usage -fcyclomatic-complexity -MMD -MP -MF"Core/Src/main.d" -MT"Core/Src/main.o" --specs=nano.specs -mfloat-abi=soft -mthumb -o "Core/Src/main.o"
../Core/Src/main.c: In function 'main':
../Core/Src/main.c:217:3: warning: implicit declaration of function 'SPI_SendData' [-Wimplicit-function-declaration]
  217 |   SPI_SendData(&hspi2, userdata, strlen(userdata), HAL_MAX_DELAY);
      |   ^~~~~~~~~~~~
../Core/Src/main.c:217:34: warning: implicit declaration of function 'strlen' [-Wimplicit-function-declaration]
  217 |   SPI_SendData(&hspi2, userdata, strlen(userdata), HAL_MAX_DELAY);
      |                                  ^~~~~~
../Core/Src/main.c:21:1: note: include '<string.h>' or provide a declaration of 'strlen'
   20 | #include "main.h"
  +++ |+#include <string.h>
   21 | 
../Core/Src/main.c:217:34: warning: incompatible implicit declaration of built-in function 'strlen' [-Wbuiltin-declaration-mismatch]
  217 |   SPI_SendData(&hspi2, userdata, strlen(userdata), HAL_MAX_DELAY);
      |                                  ^~~~~~
../Core/Src/main.c:217:34: note: include '<string.h>' or provide a declaration of 'strlen'
../Core/Src/main.c:246:11: warning: implicit declaration of function 'printf' [-Wimplicit-function-declaration]
  246 |           printf("Temperature: %2.1f degC\n", tCelsius);
      |           ^~~~~~
../Core/Src/main.c:21:1: note: include '<stdio.h>' or provide a declaration of 'printf'
   20 | #include "main.h"
  +++ |+#include <stdio.h>
   21 | 
../Core/Src/main.c:246:11: warning: incompatible implicit declaration of built-in function 'printf' [-Wbuiltin-declaration-mismatch]
  246 |           printf("Temperature: %2.1f degC\n", tCelsius);
      |           ^~~~~~
../Core/Src/main.c:246:11: note: include '<stdio.h>' or provide a declaration of 'printf'
../Core/Src/main.c:250:11: warning: implicit declaration of function 'memcpy' [-Wimplicit-function-declaration]
  250 |           memcpy(buffer, data, sizeof(data));
      |           ^~~~~~
../Core/Src/main.c:250:11: note: include '<string.h>' or provide a declaration of 'memcpy'
../Core/Src/main.c:250:11: warning: incompatible implicit declaration of built-in function 'memcpy' [-Wbuiltin-declaration-mismatch]
../Core/Src/main.c:250:11: note: include '<string.h>' or provide a declaration of 'memcpy'
../Core/Src/main.c:257:11: warning: implicit declaration of function 'sprintf' [-Wimplicit-function-declaration]
  257 |           sprintf(strOut, "SPI: Received %02X - %02X", buffer1[0], buffer1[1]);
      |           ^~~~~~~
../Core/Src/main.c:257:11: note: include '<stdio.h>' or provide a declaration of 'sprintf'
../Core/Src/main.c:257:11: warning: incompatible implicit declaration of built-in function 'sprintf' [-Wbuiltin-declaration-mismatch]
../Core/Src/main.c:257:11: note: include '<stdio.h>' or provide a declaration of 'sprintf'
arm-none-eabi-gcc -o "STM32Proj.elf" @"objects.list"   -mcpu=cortex-m3 -T"C:\Users\Oazis\Desktop\University\Summer Research Project\STM32project\Embedded-C\AirMonitor\STM32Proj\STM32F103RBTX_FLASH.ld" --specs=nosys.specs -Wl,-Map="STM32Proj.map" -Wl,--gc-sections -static -u _printf_float --specs=nano.specs -mfloat-abi=soft -mthumb -Wl,--start-group -lc -lm -Wl,--end-group
C:/ST/STM32CubeIDE_1.17.0/STM32CubeIDE/plugins/com.st.stm32cube.ide.mcu.externaltools.gnu-tools-for-stm32.12.3.rel1.win32_1.1.0.202410251130/tools/bin/../lib/gcc/arm-none-eabi/12.3.1/../../../../arm-none-eabi/bin/ld.exe: ./Core/Src/main.o: in function `main':
C:/Users/Oazis/Desktop/University/Summer Research Project/STM32project/Embedded-C/AirMonitor/STM32Proj/Debug/../Core/Src/main.c:217: undefined reference to `SPI_SendData'
collect2.exe: error: ld returned 1 exit status
make: *** [makefile:64: STM32Proj.elf] Error 1
"make -j20 all" terminated with exit code 2. Build might be incomplete.
19:03:05 **** Incremental Build of configuration Debug for project STM32Proj ****
make -j20 all 
arm-none-eabi-gcc "../Core/Src/main.c" -mcpu=cortex-m3 -std=gnu11 -g -DDEBUG -DUSE_HAL_DRIVER -DSTM32F103xB -c -I../Core/Inc -I../Drivers/STM32F1xx_HAL_Driver/Inc -I../Drivers/STM32F1xx_HAL_Driver/Inc/Legacy -I../Drivers/CMSIS/Device/ST/STM32F1xx/Include -I../Drivers/CMSIS/Include -O0 -ffunction-sections -fdata-sections -Wall -fstack-usage -fcyclomatic-complexity -MMD -MP -MF"Core/Src/main.d" -MT"Core/Src/main.o" --specs=nano.specs -mfloat-abi=soft -mthumb -o "Core/Src/main.o"
arm-none-eabi-gcc "../Core/Src/stm32f1xx_hal_msp.c" -mcpu=cortex-m3 -std=gnu11 -g -DDEBUG -DUSE_HAL_DRIVER -DSTM32F103xB -c -I../Core/Inc -I../Drivers/STM32F1xx_HAL_Driver/Inc -I../Drivers/STM32F1xx_HAL_Driver/Inc/Legacy -I../Drivers/CMSIS/Device/ST/STM32F1xx/Include -I../Drivers/CMSIS/Include -O0 -ffunction-sections -fdata-sections -Wall -fstack-usage -fcyclomatic-complexity -MMD -MP -MF"Core/Src/stm32f1xx_hal_msp.d" -MT"Core/Src/stm32f1xx_hal_msp.o" --specs=nano.specs -mfloat-abi=soft -mthumb -o "Core/Src/stm32f1xx_hal_msp.o"
../Core/Src/main.c: In function 'main':
../Core/Src/main.c:190:38: warning: implicit declaration of function 'strlen' [-Wimplicit-function-declaration]
  190 |   HAL_SPI_Transmit(&hspi2, userdata, strlen(userdata), HAL_MAX_DELAY);
      |                                      ^~~~~~
../Core/Src/main.c:21:1: note: include '<string.h>' or provide a declaration of 'strlen'
   20 | #include "main.h"
  +++ |+#include <string.h>
   21 | 
../Core/Src/main.c:190:38: warning: incompatible implicit declaration of built-in function 'strlen' [-Wbuiltin-declaration-mismatch]
  190 |   HAL_SPI_Transmit(&hspi2, userdata, strlen(userdata), HAL_MAX_DELAY);
      |                                      ^~~~~~
../Core/Src/main.c:190:38: note: include '<string.h>' or provide a declaration of 'strlen'
../Core/Src/main.c:190:28: warning: pointer targets in passing argument 2 of 'HAL_SPI_Transmit' differ in signedness [-Wpointer-sign]
  190 |   HAL_SPI_Transmit(&hspi2, userdata, strlen(userdata), HAL_MAX_DELAY);
      |                            ^~~~~~~~
      |                            |
      |                            char *
In file included from ../Core/Inc/stm32f1xx_hal_conf.h:330,
                 from ../Drivers/STM32F1xx_HAL_Driver/Inc/stm32f1xx_hal.h:29,
                 from ../Core/Inc/main.h:30,
                 from ../Core/Src/main.c:20:
../Drivers/STM32F1xx_HAL_Driver/Inc/stm32f1xx_hal_spi.h:675:76: note: expected 'const uint8_t *' {aka 'const unsigned char *'} but argument is of type 'char *'
  675 | HAL_StatusTypeDef HAL_SPI_Transmit(SPI_HandleTypeDef *hspi, const uint8_t *pData, uint16_t Size, uint32_t Timeout);
      |                                                             ~~~~~~~~~~~~~~~^~~~~
../Core/Src/main.c:219:11: warning: implicit declaration of function 'printf' [-Wimplicit-function-declaration]
  219 |           printf("Temperature: %2.1f degC\n", tCelsius);
      |           ^~~~~~
../Core/Src/main.c:21:1: note: include '<stdio.h>' or provide a declaration of 'printf'
   20 | #include "main.h"
  +++ |+#include <stdio.h>
   21 | 
../Core/Src/main.c:219:11: warning: incompatible implicit declaration of built-in function 'printf' [-Wbuiltin-declaration-mismatch]
  219 |           printf("Temperature: %2.1f degC\n", tCelsius);
      |           ^~~~~~
../Core/Src/main.c:219:11: note: include '<stdio.h>' or provide a declaration of 'printf'
../Core/Src/main.c:223:11: warning: implicit declaration of function 'memcpy' [-Wimplicit-function-declaration]
  223 |           memcpy(buffer, data, sizeof(data));
      |           ^~~~~~
../Core/Src/main.c:223:11: note: include '<string.h>' or provide a declaration of 'memcpy'
../Core/Src/main.c:223:11: warning: incompatible implicit declaration of built-in function 'memcpy' [-Wbuiltin-declaration-mismatch]
../Core/Src/main.c:223:11: note: include '<string.h>' or provide a declaration of 'memcpy'
../Core/Src/main.c:230:11: warning: implicit declaration of function 'sprintf' [-Wimplicit-function-declaration]
  230 |           sprintf(strOut, "SPI: Received %02X - %02X", buffer1[0], buffer1[1]);
      |           ^~~~~~~
../Core/Src/main.c:230:11: note: include '<stdio.h>' or provide a declaration of 'sprintf'
../Core/Src/main.c:230:11: warning: incompatible implicit declaration of built-in function 'sprintf' [-Wbuiltin-declaration-mismatch]
../Core/Src/main.c:230:11: note: include '<stdio.h>' or provide a declaration of 'sprintf'
arm-none-eabi-gcc -o "STM32Proj.elf" @"objects.list"   -mcpu=cortex-m3 -T"C:\Users\Oazis\Desktop\University\Summer Research Project\STM32project\Embedded-C\AirMonitor\STM32Proj\STM32F103RBTX_FLASH.ld" --specs=nosys.specs -Wl,-Map="STM32Proj.map" -Wl,--gc-sections -static -u _printf_float --specs=nano.specs -mfloat-abi=soft -mthumb -Wl,--start-group -lc -lm -Wl,--end-group
Finished building target: STM32Proj.elf
 
arm-none-eabi-size  STM32Proj.elf 
arm-none-eabi-objdump -h -S STM32Proj.elf  > "STM32Proj.list"
   text	   data	    bss	    dec	    hex	filename
  28044	    468	   2268	  30780	   783c	STM32Proj.elf
Finished building: default.size.stdout
 
Finished building: STM32Proj.list
 
19:03:06 **** Incremental Build of configuration Debug for project STM32Proj ****
make -j20 all 
arm-none-eabi-size  STM32Proj.elf 
   text	   data	    bss	    dec	    hex	filename
  28044	    468	   2268	  30780	   783c	STM32Proj.elf
Finished building: default.size.stdout
 
19:09:24 **** Incremental Build of configuration Debug for project STM32Proj ****
make -j20 all 
arm-none-eabi-size  STM32Proj.elf 
   text	   data	    bss	    dec	    hex	filename
  28044	    468	   2268	  30780	   783c	STM32Proj.elf
Finished building: default.size.stdout
 
19:11:09 **** Incremental Build of configuration Debug for project STM32Proj ****
make -j20 all 
arm-none-eabi-gcc "../Core/Src/stm32f1xx_hal_msp.c" -mcpu=cortex-m3 -std=gnu11 -g -DDEBUG -DUSE_HAL_DRIVER -DSTM32F103xB -c -I../Core/Inc -I../Drivers/STM32F1xx_HAL_Driver/Inc -I../Drivers/STM32F1xx_HAL_Driver/Inc/Legacy -I../Drivers/CMSIS/Device/ST/STM32F1xx/Include -I../Drivers/CMSIS/Include -O0 -ffunction-sections -fdata-sections -Wall -fstack-usage -fcyclomatic-complexity -MMD -MP -MF"Core/Src/stm32f1xx_hal_msp.d" -MT"Core/Src/stm32f1xx_hal_msp.o" --specs=nano.specs -mfloat-abi=soft -mthumb -o "Core/Src/stm32f1xx_hal_msp.o"
arm-none-eabi-gcc -o "STM32Proj.elf" @"objects.list"   -mcpu=cortex-m3 -T"C:\Users\Oazis\Desktop\University\Summer Research Project\STM32project\Embedded-C\AirMonitor\STM32Proj\STM32F103RBTX_FLASH.ld" --specs=nosys.specs -Wl,-Map="STM32Proj.map" -Wl,--gc-sections -static -u _printf_float --specs=nano.specs -mfloat-abi=soft -mthumb -Wl,--start-group -lc -lm -Wl,--end-group
Finished building target: STM32Proj.elf
 
arm-none-eabi-size  STM32Proj.elf 
arm-none-eabi-objdump -h -S STM32Proj.elf  > "STM32Proj.list"
   text	   data	    bss	    dec	    hex	filename
  28068	    468	   2268	  30804	   7854	STM32Proj.elf
Finished building: default.size.stdout
 
Finished building: STM32Proj.list
 
19:14:03 **** Incremental Build of configuration Debug for project STM32Proj ****
make -j20 all 
arm-none-eabi-gcc "../Core/Src/main.c" -mcpu=cortex-m3 -std=gnu11 -g -DDEBUG -DUSE_HAL_DRIVER -DSTM32F103xB -c -I../Core/Inc -I../Drivers/STM32F1xx_HAL_Driver/Inc -I../Drivers/STM32F1xx_HAL_Driver/Inc/Legacy -I../Drivers/CMSIS/Device/ST/STM32F1xx/Include -I../Drivers/CMSIS/Include -O0 -ffunction-sections -fdata-sections -Wall -fstack-usage -fcyclomatic-complexity -MMD -MP -MF"Core/Src/main.d" -MT"Core/Src/main.o" --specs=nano.specs -mfloat-abi=soft -mthumb -o "Core/Src/main.o"
../Core/Src/main.c: In function 'main':
../Core/Src/main.c:217:38: warning: implicit declaration of function 'strlen' [-Wimplicit-function-declaration]
  217 |   HAL_SPI_Transmit(&hspi2, userdata, strlen(userdata), HAL_MAX_DELAY);
      |                                      ^~~~~~
../Core/Src/main.c:21:1: note: include '<string.h>' or provide a declaration of 'strlen'
   20 | #include "main.h"
  +++ |+#include <string.h>
   21 | 
../Core/Src/main.c:217:38: warning: incompatible implicit declaration of built-in function 'strlen' [-Wbuiltin-declaration-mismatch]
  217 |   HAL_SPI_Transmit(&hspi2, userdata, strlen(userdata), HAL_MAX_DELAY);
      |                                      ^~~~~~
../Core/Src/main.c:217:38: note: include '<string.h>' or provide a declaration of 'strlen'
../Core/Src/main.c:217:28: warning: pointer targets in passing argument 2 of 'HAL_SPI_Transmit' differ in signedness [-Wpointer-sign]
  217 |   HAL_SPI_Transmit(&hspi2, userdata, strlen(userdata), HAL_MAX_DELAY);
      |                            ^~~~~~~~
      |                            |
      |                            char *
In file included from ../Core/Inc/stm32f1xx_hal_conf.h:330,
                 from ../Drivers/STM32F1xx_HAL_Driver/Inc/stm32f1xx_hal.h:29,
                 from ../Core/Inc/main.h:30,
                 from ../Core/Src/main.c:20:
../Drivers/STM32F1xx_HAL_Driver/Inc/stm32f1xx_hal_spi.h:675:76: note: expected 'const uint8_t *' {aka 'const unsigned char *'} but argument is of type 'char *'
  675 | HAL_StatusTypeDef HAL_SPI_Transmit(SPI_HandleTypeDef *hspi, const uint8_t *pData, uint16_t Size, uint32_t Timeout);
      |                                                             ~~~~~~~~~~~~~~~^~~~~
../Core/Src/main.c:246:11: warning: implicit declaration of function 'printf' [-Wimplicit-function-declaration]
  246 |           printf("Temperature: %2.1f degC\n", tCelsius);
      |           ^~~~~~
../Core/Src/main.c:21:1: note: include '<stdio.h>' or provide a declaration of 'printf'
   20 | #include "main.h"
  +++ |+#include <stdio.h>
   21 | 
../Core/Src/main.c:246:11: warning: incompatible implicit declaration of built-in function 'printf' [-Wbuiltin-declaration-mismatch]
  246 |           printf("Temperature: %2.1f degC\n", tCelsius);
      |           ^~~~~~
../Core/Src/main.c:246:11: note: include '<stdio.h>' or provide a declaration of 'printf'
../Core/Src/main.c:250:11: warning: implicit declaration of function 'memcpy' [-Wimplicit-function-declaration]
  250 |           memcpy(buffer, data, sizeof(data));
      |           ^~~~~~
../Core/Src/main.c:250:11: note: include '<string.h>' or provide a declaration of 'memcpy'
../Core/Src/main.c:250:11: warning: incompatible implicit declaration of built-in function 'memcpy' [-Wbuiltin-declaration-mismatch]
../Core/Src/main.c:250:11: note: include '<string.h>' or provide a declaration of 'memcpy'
../Core/Src/main.c:257:11: warning: implicit declaration of function 'sprintf' [-Wimplicit-function-declaration]
  257 |           sprintf(strOut, "SPI: Received %02X - %02X", buffer1[0], buffer1[1]);
      |           ^~~~~~~
../Core/Src/main.c:257:11: note: include '<stdio.h>' or provide a declaration of 'sprintf'
../Core/Src/main.c:257:11: warning: incompatible implicit declaration of built-in function 'sprintf' [-Wbuiltin-declaration-mismatch]
../Core/Src/main.c:257:11: note: include '<stdio.h>' or provide a declaration of 'sprintf'
arm-none-eabi-gcc -o "STM32Proj.elf" @"objects.list"   -mcpu=cortex-m3 -T"C:\Users\Oazis\Desktop\University\Summer Research Project\STM32project\Embedded-C\AirMonitor\STM32Proj\STM32F103RBTX_FLASH.ld" --specs=nosys.specs -Wl,-Map="STM32Proj.map" -Wl,--gc-sections -static -u _printf_float --specs=nano.specs -mfloat-abi=soft -mthumb -Wl,--start-group -lc -lm -Wl,--end-group
Finished building target: STM32Proj.elf
 
arm-none-eabi-size  STM32Proj.elf 
arm-none-eabi-objdump -h -S STM32Proj.elf  > "STM32Proj.list"
   text	   data	    bss	    dec	    hex	filename
  28204	    468	   2268	  30940	   78dc	STM32Proj.elf
Finished building: default.size.stdout
 
Finished building: STM32Proj.list
 
19:18:14 **** Incremental Build of configuration Debug for project STM32Proj ****
make -j20 all 
arm-none-eabi-gcc "../Core/Src/main.c" -mcpu=cortex-m3 -std=gnu11 -g -DDEBUG -DUSE_HAL_DRIVER -DSTM32F103xB -c -I../Core/Inc -I../Drivers/STM32F1xx_HAL_Driver/Inc -I../Drivers/STM32F1xx_HAL_Driver/Inc/Legacy -I../Drivers/CMSIS/Device/ST/STM32F1xx/Include -I../Drivers/CMSIS/Include -O0 -ffunction-sections -fdata-sections -Wall -fstack-usage -fcyclomatic-complexity -MMD -MP -MF"Core/Src/main.d" -MT"Core/Src/main.o" --specs=nano.specs -mfloat-abi=soft -mthumb -o "Core/Src/main.o"
arm-none-eabi-gcc "../Core/Src/stm32f1xx_hal_msp.c" -mcpu=cortex-m3 -std=gnu11 -g -DDEBUG -DUSE_HAL_DRIVER -DSTM32F103xB -c -I../Core/Inc -I../Drivers/STM32F1xx_HAL_Driver/Inc -I../Drivers/STM32F1xx_HAL_Driver/Inc/Legacy -I../Drivers/CMSIS/Device/ST/STM32F1xx/Include -I../Drivers/CMSIS/Include -O0 -ffunction-sections -fdata-sections -Wall -fstack-usage -fcyclomatic-complexity -MMD -MP -MF"Core/Src/stm32f1xx_hal_msp.d" -MT"Core/Src/stm32f1xx_hal_msp.o" --specs=nano.specs -mfloat-abi=soft -mthumb -o "Core/Src/stm32f1xx_hal_msp.o"
../Core/Src/main.c: In function 'main':
../Core/Src/main.c:215:38: warning: implicit declaration of function 'strlen' [-Wimplicit-function-declaration]
  215 |   HAL_SPI_Transmit(&hspi2, userdata, strlen(userdata), HAL_MAX_DELAY);
      |                                      ^~~~~~
../Core/Src/main.c:21:1: note: include '<string.h>' or provide a declaration of 'strlen'
   20 | #include "main.h"
  +++ |+#include <string.h>
   21 | 
../Core/Src/main.c:215:38: warning: incompatible implicit declaration of built-in function 'strlen' [-Wbuiltin-declaration-mismatch]
  215 |   HAL_SPI_Transmit(&hspi2, userdata, strlen(userdata), HAL_MAX_DELAY);
      |                                      ^~~~~~
../Core/Src/main.c:215:38: note: include '<string.h>' or provide a declaration of 'strlen'
../Core/Src/main.c:215:28: warning: pointer targets in passing argument 2 of 'HAL_SPI_Transmit' differ in signedness [-Wpointer-sign]
  215 |   HAL_SPI_Transmit(&hspi2, userdata, strlen(userdata), HAL_MAX_DELAY);
      |                            ^~~~~~~~
      |                            |
      |                            char *
In file included from ../Core/Inc/stm32f1xx_hal_conf.h:330,
                 from ../Drivers/STM32F1xx_HAL_Driver/Inc/stm32f1xx_hal.h:29,
                 from ../Core/Inc/main.h:30,
                 from ../Core/Src/main.c:20:
../Drivers/STM32F1xx_HAL_Driver/Inc/stm32f1xx_hal_spi.h:675:76: note: expected 'const uint8_t *' {aka 'const unsigned char *'} but argument is of type 'char *'
  675 | HAL_StatusTypeDef HAL_SPI_Transmit(SPI_HandleTypeDef *hspi, const uint8_t *pData, uint16_t Size, uint32_t Timeout);
      |                                                             ~~~~~~~~~~~~~~~^~~~~
../Core/Src/main.c:244:11: warning: implicit declaration of function 'printf' [-Wimplicit-function-declaration]
  244 |           printf("Temperature: %2.1f degC\n", tCelsius);
      |           ^~~~~~
../Core/Src/main.c:21:1: note: include '<stdio.h>' or provide a declaration of 'printf'
   20 | #include "main.h"
  +++ |+#include <stdio.h>
   21 | 
../Core/Src/main.c:244:11: warning: incompatible implicit declaration of built-in function 'printf' [-Wbuiltin-declaration-mismatch]
  244 |           printf("Temperature: %2.1f degC\n", tCelsius);
      |           ^~~~~~
../Core/Src/main.c:244:11: note: include '<stdio.h>' or provide a declaration of 'printf'
../Core/Src/main.c:248:11: warning: implicit declaration of function 'memcpy' [-Wimplicit-function-declaration]
  248 |           memcpy(buffer, data, sizeof(data));
      |           ^~~~~~
../Core/Src/main.c:248:11: note: include '<string.h>' or provide a declaration of 'memcpy'
../Core/Src/main.c:248:11: warning: incompatible implicit declaration of built-in function 'memcpy' [-Wbuiltin-declaration-mismatch]
../Core/Src/main.c:248:11: note: include '<string.h>' or provide a declaration of 'memcpy'
../Core/Src/main.c:255:11: warning: implicit declaration of function 'sprintf' [-Wimplicit-function-declaration]
  255 |           sprintf(strOut, "SPI: Received %02X - %02X", buffer1[0], buffer1[1]);
      |           ^~~~~~~
../Core/Src/main.c:255:11: note: include '<stdio.h>' or provide a declaration of 'sprintf'
../Core/Src/main.c:255:11: warning: incompatible implicit declaration of built-in function 'sprintf' [-Wbuiltin-declaration-mismatch]
../Core/Src/main.c:255:11: note: include '<stdio.h>' or provide a declaration of 'sprintf'
arm-none-eabi-gcc -o "STM32Proj.elf" @"objects.list"   -mcpu=cortex-m3 -T"C:\Users\Oazis\Desktop\University\Summer Research Project\STM32project\Embedded-C\AirMonitor\STM32Proj\STM32F103RBTX_FLASH.ld" --specs=nosys.specs -Wl,-Map="STM32Proj.map" -Wl,--gc-sections -static -u _printf_float --specs=nano.specs -mfloat-abi=soft -mthumb -Wl,--start-group -lc -lm -Wl,--end-group
Finished building target: STM32Proj.elf
 
arm-none-eabi-size  STM32Proj.elf 
arm-none-eabi-objdump -h -S STM32Proj.elf  > "STM32Proj.list"
   text	   data	    bss	    dec	    hex	filename
  28180	    468	   2268	  30916	   78c4	STM32Proj.elf
Finished building: default.size.stdout
 
Finished building: STM32Proj.list
 
20:24:52 **** Incremental Build of configuration Debug for project STM32Proj ****
make -j20 all 
arm-none-eabi-gcc "../Core/Src/main.c" -mcpu=cortex-m3 -std=gnu11 -g -DDEBUG -DUSE_HAL_DRIVER -DSTM32F103xB -c -I../Core/Inc -I../Drivers/STM32F1xx_HAL_Driver/Inc -I../Drivers/STM32F1xx_HAL_Driver/Inc/Legacy -I../Drivers/CMSIS/Device/ST/STM32F1xx/Include -I../Drivers/CMSIS/Include -O0 -ffunction-sections -fdata-sections -Wall -fstack-usage -fcyclomatic-complexity -MMD -MP -MF"Core/Src/main.d" -MT"Core/Src/main.o" --specs=nano.specs -mfloat-abi=soft -mthumb -o "Core/Src/main.o"
../Core/Src/main.c: In function 'main':
../Core/Src/main.c:213:11: warning: implicit declaration of function 'printf' [-Wimplicit-function-declaration]
  213 |           printf("Temperature: %2.1f degC\n", tCelsius);
      |           ^~~~~~
../Core/Src/main.c:21:1: note: include '<stdio.h>' or provide a declaration of 'printf'
   20 | #include "main.h"
  +++ |+#include <stdio.h>
   21 | 
../Core/Src/main.c:213:11: warning: incompatible implicit declaration of built-in function 'printf' [-Wbuiltin-declaration-mismatch]
  213 |           printf("Temperature: %2.1f degC\n", tCelsius);
      |           ^~~~~~
../Core/Src/main.c:213:11: note: include '<stdio.h>' or provide a declaration of 'printf'
../Core/Src/main.c:217:11: warning: implicit declaration of function 'memcpy' [-Wimplicit-function-declaration]
  217 |           memcpy(buffer, data, sizeof(data));
      |           ^~~~~~
../Core/Src/main.c:21:1: note: include '<string.h>' or provide a declaration of 'memcpy'
   20 | #include "main.h"
  +++ |+#include <string.h>
   21 | 
../Core/Src/main.c:217:11: warning: incompatible implicit declaration of built-in function 'memcpy' [-Wbuiltin-declaration-mismatch]
  217 |           memcpy(buffer, data, sizeof(data));
      |           ^~~~~~
../Core/Src/main.c:217:11: note: include '<string.h>' or provide a declaration of 'memcpy'
../Core/Src/main.c: In function 'MX_GPIO_Init':
../Core/Src/main.c:455:20: error: redefinition of 'GPIO_InitStruct'
  455 |   GPIO_InitTypeDef GPIO_InitStruct = {0};
      |                    ^~~~~~~~~~~~~~~
../Core/Src/main.c:413:20: note: previous definition of 'GPIO_InitStruct' with type 'GPIO_InitTypeDef'
  413 |   GPIO_InitTypeDef GPIO_InitStruct = {0};
      |                    ^~~~~~~~~~~~~~~
make: *** [Core/Src/subdir.mk:34: Core/Src/main.o] Error 1
"make -j20 all" terminated with exit code 2. Build might be incomplete.
20:26:10 **** Incremental Build of configuration Debug for project STM32Proj ****
make -j20 all 
arm-none-eabi-gcc "../Core/Src/main.c" -mcpu=cortex-m3 -std=gnu11 -g -DDEBUG -DUSE_HAL_DRIVER -DSTM32F103xB -c -I../Core/Inc -I../Drivers/STM32F1xx_HAL_Driver/Inc -I../Drivers/STM32F1xx_HAL_Driver/Inc/Legacy -I../Drivers/CMSIS/Device/ST/STM32F1xx/Include -I../Drivers/CMSIS/Include -O0 -ffunction-sections -fdata-sections -Wall -fstack-usage -fcyclomatic-complexity -MMD -MP -MF"Core/Src/main.d" -MT"Core/Src/main.o" --specs=nano.specs -mfloat-abi=soft -mthumb -o "Core/Src/main.o"
../Core/Src/main.c: In function 'main':
../Core/Src/main.c:212:11: warning: implicit declaration of function 'printf' [-Wimplicit-function-declaration]
  212 |           printf("Temperature: %2.1f degC\n", tCelsius);
      |           ^~~~~~
../Core/Src/main.c:21:1: note: include '<stdio.h>' or provide a declaration of 'printf'
   20 | #include "main.h"
  +++ |+#include <stdio.h>
   21 | 
../Core/Src/main.c:212:11: warning: incompatible implicit declaration of built-in function 'printf' [-Wbuiltin-declaration-mismatch]
  212 |           printf("Temperature: %2.1f degC\n", tCelsius);
      |           ^~~~~~
../Core/Src/main.c:212:11: note: include '<stdio.h>' or provide a declaration of 'printf'
../Core/Src/main.c:216:11: warning: implicit declaration of function 'memcpy' [-Wimplicit-function-declaration]
  216 |           memcpy(buffer, data, sizeof(data));
      |           ^~~~~~
../Core/Src/main.c:21:1: note: include '<string.h>' or provide a declaration of 'memcpy'
   20 | #include "main.h"
  +++ |+#include <string.h>
   21 | 
../Core/Src/main.c:216:11: warning: incompatible implicit declaration of built-in function 'memcpy' [-Wbuiltin-declaration-mismatch]
  216 |           memcpy(buffer, data, sizeof(data));
      |           ^~~~~~
../Core/Src/main.c:216:11: note: include '<string.h>' or provide a declaration of 'memcpy'
arm-none-eabi-gcc -o "STM32Proj.elf" @"objects.list"   -mcpu=cortex-m3 -T"C:\Users\Oazis\Desktop\University\Summer Research Project\STM32project\Embedded-C\AirMonitor\STM32Proj\STM32F103RBTX_FLASH.ld" --specs=nosys.specs -Wl,-Map="STM32Proj.map" -Wl,--gc-sections -static -u _printf_float --specs=nano.specs -mfloat-abi=soft -mthumb -Wl,--start-group -lc -lm -Wl,--end-group
Finished building target: STM32Proj.elf
 
arm-none-eabi-size  STM32Proj.elf 
arm-none-eabi-objdump -h -S STM32Proj.elf  > "STM32Proj.list"
   text	   data	    bss	    dec	    hex	filename
  27156	    468	   2260	  29884	   74bc	STM32Proj.elf
Finished building: default.size.stdout
 
Finished building: STM32Proj.list
 
20:27:08 **** Incremental Build of configuration Debug for project STM32Proj ****
make -j20 all 
arm-none-eabi-gcc "../Core/Src/main.c" -mcpu=cortex-m3 -std=gnu11 -g -DDEBUG -DUSE_HAL_DRIVER -DSTM32F103xB -c -I../Core/Inc -I../Drivers/STM32F1xx_HAL_Driver/Inc -I../Drivers/STM32F1xx_HAL_Driver/Inc/Legacy -I../Drivers/CMSIS/Device/ST/STM32F1xx/Include -I../Drivers/CMSIS/Include -O0 -ffunction-sections -fdata-sections -Wall -fstack-usage -fcyclomatic-complexity -MMD -MP -MF"Core/Src/main.d" -MT"Core/Src/main.o" --specs=nano.specs -mfloat-abi=soft -mthumb -o "Core/Src/main.o"
../Core/Src/main.c: In function 'main':
../Core/Src/main.c:212:11: warning: implicit declaration of function 'printf' [-Wimplicit-function-declaration]
  212 |           printf("Temperature: %2.1f degC\n", tCelsius);
      |           ^~~~~~
../Core/Src/main.c:21:1: note: include '<stdio.h>' or provide a declaration of 'printf'
   20 | #include "main.h"
  +++ |+#include <stdio.h>
   21 | 
../Core/Src/main.c:212:11: warning: incompatible implicit declaration of built-in function 'printf' [-Wbuiltin-declaration-mismatch]
  212 |           printf("Temperature: %2.1f degC\n", tCelsius);
      |           ^~~~~~
../Core/Src/main.c:212:11: note: include '<stdio.h>' or provide a declaration of 'printf'
../Core/Src/main.c:216:11: warning: implicit declaration of function 'memcpy' [-Wimplicit-function-declaration]
  216 |           memcpy(buffer, data, sizeof(data));
      |           ^~~~~~
../Core/Src/main.c:21:1: note: include '<string.h>' or provide a declaration of 'memcpy'
   20 | #include "main.h"
  +++ |+#include <string.h>
   21 | 
../Core/Src/main.c:216:11: warning: incompatible implicit declaration of built-in function 'memcpy' [-Wbuiltin-declaration-mismatch]
  216 |           memcpy(buffer, data, sizeof(data));
      |           ^~~~~~
../Core/Src/main.c:216:11: note: include '<string.h>' or provide a declaration of 'memcpy'
arm-none-eabi-gcc -o "STM32Proj.elf" @"objects.list"   -mcpu=cortex-m3 -T"C:\Users\Oazis\Desktop\University\Summer Research Project\STM32project\Embedded-C\AirMonitor\STM32Proj\STM32F103RBTX_FLASH.ld" --specs=nosys.specs -Wl,-Map="STM32Proj.map" -Wl,--gc-sections -static -u _printf_float --specs=nano.specs -mfloat-abi=soft -mthumb -Wl,--start-group -lc -lm -Wl,--end-group
Finished building target: STM32Proj.elf
 
arm-none-eabi-size  STM32Proj.elf 
arm-none-eabi-objdump -h -S STM32Proj.elf  > "STM32Proj.list"
   text	   data	    bss	    dec	    hex	filename
  27156	    468	   2260	  29884	   74bc	STM32Proj.elf
Finished building: default.size.stdout
 
Finished building: STM32Proj.list
 
20:27:45 **** Incremental Build of configuration Debug for project STM32Proj ****
make -j20 all 
arm-none-eabi-size  STM32Proj.elf 
   text	   data	    bss	    dec	    hex	filename
  27156	    468	   2260	  29884	   74bc	STM32Proj.elf
Finished building: default.size.stdout
 
20:29:11 **** Incremental Build of configuration Debug for project STM32Proj ****
make -j20 all 
arm-none-eabi-gcc "../Core/Src/main.c" -mcpu=cortex-m3 -std=gnu11 -g -DDEBUG -DUSE_HAL_DRIVER -DSTM32F103xB -c -I../Core/Inc -I../Drivers/STM32F1xx_HAL_Driver/Inc -I../Drivers/STM32F1xx_HAL_Driver/Inc/Legacy -I../Drivers/CMSIS/Device/ST/STM32F1xx/Include -I../Drivers/CMSIS/Include -O0 -ffunction-sections -fdata-sections -Wall -fstack-usage -fcyclomatic-complexity -MMD -MP -MF"Core/Src/main.d" -MT"Core/Src/main.o" --specs=nano.specs -mfloat-abi=soft -mthumb -o "Core/Src/main.o"
../Core/Src/main.c: In function 'main':
../Core/Src/main.c:212:11: warning: implicit declaration of function 'printf' [-Wimplicit-function-declaration]
  212 |           printf("Temperature: %2.1f degC\n", tCelsius);
      |           ^~~~~~
../Core/Src/main.c:21:1: note: include '<stdio.h>' or provide a declaration of 'printf'
   20 | #include "main.h"
  +++ |+#include <stdio.h>
   21 | 
../Core/Src/main.c:212:11: warning: incompatible implicit declaration of built-in function 'printf' [-Wbuiltin-declaration-mismatch]
  212 |           printf("Temperature: %2.1f degC\n", tCelsius);
      |           ^~~~~~
../Core/Src/main.c:212:11: note: include '<stdio.h>' or provide a declaration of 'printf'
../Core/Src/main.c:216:11: warning: implicit declaration of function 'memcpy' [-Wimplicit-function-declaration]
  216 |           memcpy(buffer, data, sizeof(data));
      |           ^~~~~~
../Core/Src/main.c:21:1: note: include '<string.h>' or provide a declaration of 'memcpy'
   20 | #include "main.h"
  +++ |+#include <string.h>
   21 | 
../Core/Src/main.c:216:11: warning: incompatible implicit declaration of built-in function 'memcpy' [-Wbuiltin-declaration-mismatch]
  216 |           memcpy(buffer, data, sizeof(data));
      |           ^~~~~~
../Core/Src/main.c:216:11: note: include '<string.h>' or provide a declaration of 'memcpy'
arm-none-eabi-gcc -o "STM32Proj.elf" @"objects.list"   -mcpu=cortex-m3 -T"C:\Users\Oazis\Desktop\University\Summer Research Project\STM32project\Embedded-C\AirMonitor\STM32Proj\STM32F103RBTX_FLASH.ld" --specs=nosys.specs -Wl,-Map="STM32Proj.map" -Wl,--gc-sections -static -u _printf_float --specs=nano.specs -mfloat-abi=soft -mthumb -Wl,--start-group -lc -lm -Wl,--end-group
Finished building target: STM32Proj.elf
 
arm-none-eabi-size  STM32Proj.elf 
arm-none-eabi-objdump -h -S STM32Proj.elf  > "STM32Proj.list"
   text	   data	    bss	    dec	    hex	filename
  27140	    468	   2260	  29868	   74ac	STM32Proj.elf
Finished building: default.size.stdout
 
Finished building: STM32Proj.list
 
20:33:52 **** Incremental Build of configuration Debug for project STM32Proj ****
make -j20 all 
arm-none-eabi-size  STM32Proj.elf 
   text	   data	    bss	    dec	    hex	filename
  27140	    468	   2260	  29868	   74ac	STM32Proj.elf
Finished building: default.size.stdout
 
21:09:27 **** Incremental Build of configuration Debug for project STM32Proj ****
make -j20 all 
arm-none-eabi-size  STM32Proj.elf 
   text	   data	    bss	    dec	    hex	filename
  27140	    468	   2260	  29868	   74ac	STM32Proj.elf
Finished building: default.size.stdout
 
21:32:39 **** Incremental Build of configuration Debug for project STM32Proj ****
make -j20 all 
arm-none-eabi-size  STM32Proj.elf 
   text	   data	    bss	    dec	    hex	filename
  27140	    468	   2260	  29868	   74ac	STM32Proj.elf
Finished building: default.size.stdout
 
21:34:14 **** Incremental Build of configuration Debug for project STM32Proj ****
make -j20 all 
arm-none-eabi-gcc "../Core/Src/main.c" -mcpu=cortex-m3 -std=gnu11 -g -DDEBUG -DUSE_HAL_DRIVER -DSTM32F103xB -c -I../Core/Inc -I../Drivers/STM32F1xx_HAL_Driver/Inc -I../Drivers/STM32F1xx_HAL_Driver/Inc/Legacy -I../Drivers/CMSIS/Device/ST/STM32F1xx/Include -I../Drivers/CMSIS/Include -O0 -ffunction-sections -fdata-sections -Wall -fstack-usage -fcyclomatic-complexity -MMD -MP -MF"Core/Src/main.d" -MT"Core/Src/main.o" --specs=nano.specs -mfloat-abi=soft -mthumb -o "Core/Src/main.o"
../Core/Src/main.c: In function 'main':
../Core/Src/main.c:209:11: warning: implicit declaration of function 'printf' [-Wimplicit-function-declaration]
  209 |           printf("Temperature: %2.1f degC\n", tCelsius);
      |           ^~~~~~
../Core/Src/main.c:21:1: note: include '<stdio.h>' or provide a declaration of 'printf'
   20 | #include "main.h"
  +++ |+#include <stdio.h>
   21 | 
../Core/Src/main.c:209:11: warning: incompatible implicit declaration of built-in function 'printf' [-Wbuiltin-declaration-mismatch]
  209 |           printf("Temperature: %2.1f degC\n", tCelsius);
      |           ^~~~~~
../Core/Src/main.c:209:11: note: include '<stdio.h>' or provide a declaration of 'printf'
../Core/Src/main.c:213:11: warning: implicit declaration of function 'memcpy' [-Wimplicit-function-declaration]
  213 |           memcpy(buffer, data, sizeof(data));
      |           ^~~~~~
../Core/Src/main.c:21:1: note: include '<string.h>' or provide a declaration of 'memcpy'
   20 | #include "main.h"
  +++ |+#include <string.h>
   21 | 
../Core/Src/main.c:213:11: warning: incompatible implicit declaration of built-in function 'memcpy' [-Wbuiltin-declaration-mismatch]
  213 |           memcpy(buffer, data, sizeof(data));
      |           ^~~~~~
../Core/Src/main.c:213:11: note: include '<string.h>' or provide a declaration of 'memcpy'
arm-none-eabi-gcc -o "STM32Proj.elf" @"objects.list"   -mcpu=cortex-m3 -T"C:\Users\Oazis\Desktop\University\Summer Research Project\STM32project\Embedded-C\AirMonitor\STM32Proj\STM32F103RBTX_FLASH.ld" --specs=nosys.specs -Wl,-Map="STM32Proj.map" -Wl,--gc-sections -static -u _printf_float --specs=nano.specs -mfloat-abi=soft -mthumb -Wl,--start-group -lc -lm -Wl,--end-group
Finished building target: STM32Proj.elf
 
arm-none-eabi-size  STM32Proj.elf 
arm-none-eabi-objdump -h -S STM32Proj.elf  > "STM32Proj.list"
   text	   data	    bss	    dec	    hex	filename
  27116	    468	   2260	  29844	   7494	STM32Proj.elf
Finished building: default.size.stdout
 
Finished building: STM32Proj.list
 
21:39:45 **** Incremental Build of configuration Debug for project STM32Proj ****
make -j20 all 
arm-none-eabi-size  STM32Proj.elf 
   text	   data	    bss	    dec	    hex	filename
  27116	    468	   2260	  29844	   7494	STM32Proj.elf
Finished building: default.size.stdout
 
21:40:02 **** Incremental Build of configuration Debug for project STM32Proj ****
make -j20 all 
arm-none-eabi-size  STM32Proj.elf 
   text	   data	    bss	    dec	    hex	filename
  27116	    468	   2260	  29844	   7494	STM32Proj.elf
Finished building: default.size.stdout
 
21:40:15 **** Incremental Build of configuration Debug for project STM32Proj ****
make -j20 all 
arm-none-eabi-size  STM32Proj.elf 
   text	   data	    bss	    dec	    hex	filename
  27116	    468	   2260	  29844	   7494	STM32Proj.elf
Finished building: default.size.stdout
 
21:40:45 **** Incremental Build of configuration Debug for project STM32Proj ****
make -j20 all 
arm-none-eabi-size  STM32Proj.elf 
   text	   data	    bss	    dec	    hex	filename
  27116	    468	   2260	  29844	   7494	STM32Proj.elf
Finished building: default.size.stdout
 
21:53:46 **** Incremental Build of configuration Debug for project STM32Proj ****
make -j20 all 
arm-none-eabi-gcc "../Core/Src/main.c" -mcpu=cortex-m3 -std=gnu11 -g -DDEBUG -DUSE_HAL_DRIVER -DSTM32F103xB -c -I../Core/Inc -I../Drivers/STM32F1xx_HAL_Driver/Inc -I../Drivers/STM32F1xx_HAL_Driver/Inc/Legacy -I../Drivers/CMSIS/Device/ST/STM32F1xx/Include -I../Drivers/CMSIS/Include -O0 -ffunction-sections -fdata-sections -Wall -fstack-usage -fcyclomatic-complexity -MMD -MP -MF"Core/Src/main.d" -MT"Core/Src/main.o" --specs=nano.specs -mfloat-abi=soft -mthumb -o "Core/Src/main.o"
../Core/Src/main.c: In function 'main':
../Core/Src/main.c:209:11: warning: implicit declaration of function 'printf' [-Wimplicit-function-declaration]
  209 |           printf("Temperature: %2.1f degC\n", tCelsius);
      |           ^~~~~~
../Core/Src/main.c:21:1: note: include '<stdio.h>' or provide a declaration of 'printf'
   20 | #include "main.h"
  +++ |+#include <stdio.h>
   21 | 
../Core/Src/main.c:209:11: warning: incompatible implicit declaration of built-in function 'printf' [-Wbuiltin-declaration-mismatch]
  209 |           printf("Temperature: %2.1f degC\n", tCelsius);
      |           ^~~~~~
../Core/Src/main.c:209:11: note: include '<stdio.h>' or provide a declaration of 'printf'
../Core/Src/main.c:213:11: warning: implicit declaration of function 'memcpy' [-Wimplicit-function-declaration]
  213 |           memcpy(buffer, data, sizeof(data));
      |           ^~~~~~
../Core/Src/main.c:21:1: note: include '<string.h>' or provide a declaration of 'memcpy'
   20 | #include "main.h"
  +++ |+#include <string.h>
   21 | 
../Core/Src/main.c:213:11: warning: incompatible implicit declaration of built-in function 'memcpy' [-Wbuiltin-declaration-mismatch]
  213 |           memcpy(buffer, data, sizeof(data));
      |           ^~~~~~
../Core/Src/main.c:213:11: note: include '<string.h>' or provide a declaration of 'memcpy'
../Core/Src/main.c:217:30: error: invalid initializer
  217 |           char *string[11] = "Hello World";
      |                              ^~~~~~~~~~~~~
../Core/Src/main.c:218:36: warning: passing argument 2 of 'HAL_SPI_Transmit' from incompatible pointer type [-Wincompatible-pointer-types]
  218 |           HAL_SPI_Transmit(&hspi2, &string, sizeof(string), HAL_MAX_DELAY);
      |                                    ^~~~~~~
      |                                    |
      |                                    char * (*)[11]
In file included from ../Core/Inc/stm32f1xx_hal_conf.h:330,
                 from ../Drivers/STM32F1xx_HAL_Driver/Inc/stm32f1xx_hal.h:29,
                 from ../Core/Inc/main.h:30,
                 from ../Core/Src/main.c:20:
../Drivers/STM32F1xx_HAL_Driver/Inc/stm32f1xx_hal_spi.h:675:76: note: expected 'const uint8_t *' {aka 'const unsigned char *'} but argument is of type 'char * (*)[11]'
  675 | HAL_StatusTypeDef HAL_SPI_Transmit(SPI_HandleTypeDef *hspi, const uint8_t *pData, uint16_t Size, uint32_t Timeout);
      |                                                             ~~~~~~~~~~~~~~~^~~~~
make: *** [Core/Src/subdir.mk:34: Core/Src/main.o] Error 1
"make -j20 all" terminated with exit code 2. Build might be incomplete.
21:53:59 **** Incremental Build of configuration Debug for project STM32Proj ****
make -j20 all 
arm-none-eabi-gcc "../Core/Src/main.c" -mcpu=cortex-m3 -std=gnu11 -g -DDEBUG -DUSE_HAL_DRIVER -DSTM32F103xB -c -I../Core/Inc -I../Drivers/STM32F1xx_HAL_Driver/Inc -I../Drivers/STM32F1xx_HAL_Driver/Inc/Legacy -I../Drivers/CMSIS/Device/ST/STM32F1xx/Include -I../Drivers/CMSIS/Include -O0 -ffunction-sections -fdata-sections -Wall -fstack-usage -fcyclomatic-complexity -MMD -MP -MF"Core/Src/main.d" -MT"Core/Src/main.o" --specs=nano.specs -mfloat-abi=soft -mthumb -o "Core/Src/main.o"
../Core/Src/main.c: In function 'main':
../Core/Src/main.c:209:11: warning: implicit declaration of function 'printf' [-Wimplicit-function-declaration]
  209 |           printf("Temperature: %2.1f degC\n", tCelsius);
      |           ^~~~~~
../Core/Src/main.c:21:1: note: include '<stdio.h>' or provide a declaration of 'printf'
   20 | #include "main.h"
  +++ |+#include <stdio.h>
   21 | 
../Core/Src/main.c:209:11: warning: incompatible implicit declaration of built-in function 'printf' [-Wbuiltin-declaration-mismatch]
  209 |           printf("Temperature: %2.1f degC\n", tCelsius);
      |           ^~~~~~
../Core/Src/main.c:209:11: note: include '<stdio.h>' or provide a declaration of 'printf'
../Core/Src/main.c:213:11: warning: implicit declaration of function 'memcpy' [-Wimplicit-function-declaration]
  213 |           memcpy(buffer, data, sizeof(data));
      |           ^~~~~~
../Core/Src/main.c:21:1: note: include '<string.h>' or provide a declaration of 'memcpy'
   20 | #include "main.h"
  +++ |+#include <string.h>
   21 | 
../Core/Src/main.c:213:11: warning: incompatible implicit declaration of built-in function 'memcpy' [-Wbuiltin-declaration-mismatch]
  213 |           memcpy(buffer, data, sizeof(data));
      |           ^~~~~~
../Core/Src/main.c:213:11: note: include '<string.h>' or provide a declaration of 'memcpy'
../Core/Src/main.c:218:36: warning: pointer targets in passing argument 2 of 'HAL_SPI_Transmit' differ in signedness [-Wpointer-sign]
  218 |           HAL_SPI_Transmit(&hspi2, string, sizeof(string), HAL_MAX_DELAY);
      |                                    ^~~~~~
      |                                    |
      |                                    char *
In file included from ../Core/Inc/stm32f1xx_hal_conf.h:330,
                 from ../Drivers/STM32F1xx_HAL_Driver/Inc/stm32f1xx_hal.h:29,
                 from ../Core/Inc/main.h:30,
                 from ../Core/Src/main.c:20:
../Drivers/STM32F1xx_HAL_Driver/Inc/stm32f1xx_hal_spi.h:675:76: note: expected 'const uint8_t *' {aka 'const unsigned char *'} but argument is of type 'char *'
  675 | HAL_StatusTypeDef HAL_SPI_Transmit(SPI_HandleTypeDef *hspi, const uint8_t *pData, uint16_t Size, uint32_t Timeout);
      |                                                             ~~~~~~~~~~~~~~~^~~~~
arm-none-eabi-gcc -o "STM32Proj.elf" @"objects.list"   -mcpu=cortex-m3 -T"C:\Users\Oazis\Desktop\University\Summer Research Project\STM32project\Embedded-C\AirMonitor\STM32Proj\STM32F103RBTX_FLASH.ld" --specs=nosys.specs -Wl,-Map="STM32Proj.map" -Wl,--gc-sections -static -u _printf_float --specs=nano.specs -mfloat-abi=soft -mthumb -Wl,--start-group -lc -lm -Wl,--end-group
Finished building target: STM32Proj.elf
 
arm-none-eabi-size  STM32Proj.elf 
arm-none-eabi-objdump -h -S STM32Proj.elf  > "STM32Proj.list"
   text	   data	    bss	    dec	    hex	filename
  27148	    468	   2260	  29876	   74b4	STM32Proj.elf
Finished building: default.size.stdout
 
Finished building: STM32Proj.list
 
21:57:38 **** Incremental Build of configuration Debug for project STM32Proj ****
make -j20 all 
arm-none-eabi-gcc "../Core/Src/main.c" -mcpu=cortex-m3 -std=gnu11 -g -DDEBUG -DUSE_HAL_DRIVER -DSTM32F103xB -c -I../Core/Inc -I../Drivers/STM32F1xx_HAL_Driver/Inc -I../Drivers/STM32F1xx_HAL_Driver/Inc/Legacy -I../Drivers/CMSIS/Device/ST/STM32F1xx/Include -I../Drivers/CMSIS/Include -O0 -ffunction-sections -fdata-sections -Wall -fstack-usage -fcyclomatic-complexity -MMD -MP -MF"Core/Src/main.d" -MT"Core/Src/main.o" --specs=nano.specs -mfloat-abi=soft -mthumb -o "Core/Src/main.o"
../Core/Src/main.c: In function 'main':
../Core/Src/main.c:209:11: warning: implicit declaration of function 'printf' [-Wimplicit-function-declaration]
  209 |           printf("Temperature: %2.1f degC\n", tCelsius);
      |           ^~~~~~
../Core/Src/main.c:21:1: note: include '<stdio.h>' or provide a declaration of 'printf'
   20 | #include "main.h"
  +++ |+#include <stdio.h>
   21 | 
../Core/Src/main.c:209:11: warning: incompatible implicit declaration of built-in function 'printf' [-Wbuiltin-declaration-mismatch]
  209 |           printf("Temperature: %2.1f degC\n", tCelsius);
      |           ^~~~~~
../Core/Src/main.c:209:11: note: include '<stdio.h>' or provide a declaration of 'printf'
../Core/Src/main.c:213:11: warning: implicit declaration of function 'memcpy' [-Wimplicit-function-declaration]
  213 |           memcpy(buffer, data, sizeof(data));
      |           ^~~~~~
../Core/Src/main.c:21:1: note: include '<string.h>' or provide a declaration of 'memcpy'
   20 | #include "main.h"
  +++ |+#include <string.h>
   21 | 
../Core/Src/main.c:213:11: warning: incompatible implicit declaration of built-in function 'memcpy' [-Wbuiltin-declaration-mismatch]
  213 |           memcpy(buffer, data, sizeof(data));
      |           ^~~~~~
../Core/Src/main.c:213:11: note: include '<string.h>' or provide a declaration of 'memcpy'
../Core/Src/main.c:218:54: warning: implicit declaration of function 'strlen' [-Wimplicit-function-declaration]
  218 |           HAL_SPI_Transmit(&hspi2, (uint8_t*)string, strlen(string), HAL_MAX_DELAY);
      |                                                      ^~~~~~
../Core/Src/main.c:218:54: note: include '<string.h>' or provide a declaration of 'strlen'
../Core/Src/main.c:218:54: warning: incompatible implicit declaration of built-in function 'strlen' [-Wbuiltin-declaration-mismatch]
../Core/Src/main.c:218:54: note: include '<string.h>' or provide a declaration of 'strlen'
arm-none-eabi-gcc -o "STM32Proj.elf" @"objects.list"   -mcpu=cortex-m3 -T"C:\Users\Oazis\Desktop\University\Summer Research Project\STM32project\Embedded-C\AirMonitor\STM32Proj\STM32F103RBTX_FLASH.ld" --specs=nosys.specs -Wl,-Map="STM32Proj.map" -Wl,--gc-sections -static -u _printf_float --specs=nano.specs -mfloat-abi=soft -mthumb -Wl,--start-group -lc -lm -Wl,--end-group
Finished building target: STM32Proj.elf
 
arm-none-eabi-size  STM32Proj.elf 
arm-none-eabi-objdump -h -S STM32Proj.elf  > "STM32Proj.list"
   text	   data	    bss	    dec	    hex	filename
  27148	    468	   2260	  29876	   74b4	STM32Proj.elf
Finished building: default.size.stdout
 
Finished building: STM32Proj.list
 
21:59:50 **** Incremental Build of configuration Debug for project STM32Proj ****
make -j20 all 
arm-none-eabi-gcc "../Core/Src/main.c" -mcpu=cortex-m3 -std=gnu11 -g -DDEBUG -DUSE_HAL_DRIVER -DSTM32F103xB -c -I../Core/Inc -I../Drivers/STM32F1xx_HAL_Driver/Inc -I../Drivers/STM32F1xx_HAL_Driver/Inc/Legacy -I../Drivers/CMSIS/Device/ST/STM32F1xx/Include -I../Drivers/CMSIS/Include -O0 -ffunction-sections -fdata-sections -Wall -fstack-usage -fcyclomatic-complexity -MMD -MP -MF"Core/Src/main.d" -MT"Core/Src/main.o" --specs=nano.specs -mfloat-abi=soft -mthumb -o "Core/Src/main.o"
../Core/Src/main.c: In function 'main':
../Core/Src/main.c:209:11: warning: implicit declaration of function 'printf' [-Wimplicit-function-declaration]
  209 |           printf("Temperature: %2.1f degC\n", tCelsius);
      |           ^~~~~~
../Core/Src/main.c:21:1: note: include '<stdio.h>' or provide a declaration of 'printf'
   20 | #include "main.h"
  +++ |+#include <stdio.h>
   21 | 
../Core/Src/main.c:209:11: warning: incompatible implicit declaration of built-in function 'printf' [-Wbuiltin-declaration-mismatch]
  209 |           printf("Temperature: %2.1f degC\n", tCelsius);
      |           ^~~~~~
../Core/Src/main.c:209:11: note: include '<stdio.h>' or provide a declaration of 'printf'
../Core/Src/main.c:213:11: warning: implicit declaration of function 'memcpy' [-Wimplicit-function-declaration]
  213 |           memcpy(buffer, data, sizeof(data));
      |           ^~~~~~
../Core/Src/main.c:21:1: note: include '<string.h>' or provide a declaration of 'memcpy'
   20 | #include "main.h"
  +++ |+#include <string.h>
   21 | 
../Core/Src/main.c:213:11: warning: incompatible implicit declaration of built-in function 'memcpy' [-Wbuiltin-declaration-mismatch]
  213 |           memcpy(buffer, data, sizeof(data));
      |           ^~~~~~
../Core/Src/main.c:213:11: note: include '<string.h>' or provide a declaration of 'memcpy'
../Core/Src/main.c:218:36: warning: cast from pointer to integer of different size [-Wpointer-to-int-cast]
  218 |           HAL_SPI_Transmit(&hspi2, (uint8_t)string, strlen(string), HAL_MAX_DELAY);
      |                                    ^
../Core/Src/main.c:218:53: warning: implicit declaration of function 'strlen' [-Wimplicit-function-declaration]
  218 |           HAL_SPI_Transmit(&hspi2, (uint8_t)string, strlen(string), HAL_MAX_DELAY);
      |                                                     ^~~~~~
../Core/Src/main.c:218:53: note: include '<string.h>' or provide a declaration of 'strlen'
../Core/Src/main.c:218:53: warning: incompatible implicit declaration of built-in function 'strlen' [-Wbuiltin-declaration-mismatch]
../Core/Src/main.c:218:53: note: include '<string.h>' or provide a declaration of 'strlen'
../Core/Src/main.c:218:36: warning: passing argument 2 of 'HAL_SPI_Transmit' makes pointer from integer without a cast [-Wint-conversion]
  218 |           HAL_SPI_Transmit(&hspi2, (uint8_t)string, strlen(string), HAL_MAX_DELAY);
      |                                    ^~~~~~~~~~~~~~~
      |                                    |
      |                                    unsigned char
In file included from ../Core/Inc/stm32f1xx_hal_conf.h:330,
                 from ../Drivers/STM32F1xx_HAL_Driver/Inc/stm32f1xx_hal.h:29,
                 from ../Core/Inc/main.h:30,
                 from ../Core/Src/main.c:20:
../Drivers/STM32F1xx_HAL_Driver/Inc/stm32f1xx_hal_spi.h:675:76: note: expected 'const uint8_t *' {aka 'const unsigned char *'} but argument is of type 'unsigned char'
  675 | HAL_StatusTypeDef HAL_SPI_Transmit(SPI_HandleTypeDef *hspi, const uint8_t *pData, uint16_t Size, uint32_t Timeout);
      |                                                             ~~~~~~~~~~~~~~~^~~~~
arm-none-eabi-gcc -o "STM32Proj.elf" @"objects.list"   -mcpu=cortex-m3 -T"C:\Users\Oazis\Desktop\University\Summer Research Project\STM32project\Embedded-C\AirMonitor\STM32Proj\STM32F103RBTX_FLASH.ld" --specs=nosys.specs -Wl,-Map="STM32Proj.map" -Wl,--gc-sections -static -u _printf_float --specs=nano.specs -mfloat-abi=soft -mthumb -Wl,--start-group -lc -lm -Wl,--end-group
Finished building target: STM32Proj.elf
 
arm-none-eabi-size  STM32Proj.elf 
arm-none-eabi-objdump -h -S STM32Proj.elf  > "STM32Proj.list"
   text	   data	    bss	    dec	    hex	filename
  27156	    468	   2260	  29884	   74bc	STM32Proj.elf
Finished building: default.size.stdout
 
Finished building: STM32Proj.list
 
22:05:56 **** Incremental Build of configuration Debug for project STM32Proj ****
make -j20 all 
arm-none-eabi-size  STM32Proj.elf 
   text	   data	    bss	    dec	    hex	filename
  27156	    468	   2260	  29884	   74bc	STM32Proj.elf
Finished building: default.size.stdout
 
22:17:00 **** Incremental Build of configuration Debug for project STM32Proj ****
make -j20 all 
arm-none-eabi-gcc "../Core/Src/main.c" -mcpu=cortex-m3 -std=gnu11 -g -DDEBUG -DUSE_HAL_DRIVER -DSTM32F103xB -c -I../Core/Inc -I../Drivers/STM32F1xx_HAL_Driver/Inc -I../Drivers/STM32F1xx_HAL_Driver/Inc/Legacy -I../Drivers/CMSIS/Device/ST/STM32F1xx/Include -I../Drivers/CMSIS/Include -O0 -ffunction-sections -fdata-sections -Wall -fstack-usage -fcyclomatic-complexity -MMD -MP -MF"Core/Src/main.d" -MT"Core/Src/main.o" --specs=nano.specs -mfloat-abi=soft -mthumb -o "Core/Src/main.o"
../Core/Src/main.c: In function 'main':
../Core/Src/main.c:209:11: warning: implicit declaration of function 'printf' [-Wimplicit-function-declaration]
  209 |           printf("Temperature: %2.1f degC\n", tCelsius);
      |           ^~~~~~
../Core/Src/main.c:21:1: note: include '<stdio.h>' or provide a declaration of 'printf'
   20 | #include "main.h"
  +++ |+#include <stdio.h>
   21 | 
../Core/Src/main.c:209:11: warning: incompatible implicit declaration of built-in function 'printf' [-Wbuiltin-declaration-mismatch]
  209 |           printf("Temperature: %2.1f degC\n", tCelsius);
      |           ^~~~~~
../Core/Src/main.c:209:11: note: include '<stdio.h>' or provide a declaration of 'printf'
../Core/Src/main.c:213:11: warning: implicit declaration of function 'memcpy' [-Wimplicit-function-declaration]
  213 |           memcpy(buffer, data, sizeof(data));
      |           ^~~~~~
../Core/Src/main.c:21:1: note: include '<string.h>' or provide a declaration of 'memcpy'
   20 | #include "main.h"
  +++ |+#include <string.h>
   21 | 
../Core/Src/main.c:213:11: warning: incompatible implicit declaration of built-in function 'memcpy' [-Wbuiltin-declaration-mismatch]
  213 |           memcpy(buffer, data, sizeof(data));
      |           ^~~~~~
../Core/Src/main.c:213:11: note: include '<string.h>' or provide a declaration of 'memcpy'
../Core/Src/main.c:218:36: warning: cast from pointer to integer of different size [-Wpointer-to-int-cast]
  218 |           HAL_SPI_Transmit(&hspi2, (uint8_t)string, strlen(string), HAL_MAX_DELAY);
      |                                    ^
../Core/Src/main.c:218:53: warning: implicit declaration of function 'strlen' [-Wimplicit-function-declaration]
  218 |           HAL_SPI_Transmit(&hspi2, (uint8_t)string, strlen(string), HAL_MAX_DELAY);
      |                                                     ^~~~~~
../Core/Src/main.c:218:53: note: include '<string.h>' or provide a declaration of 'strlen'
../Core/Src/main.c:218:53: warning: incompatible implicit declaration of built-in function 'strlen' [-Wbuiltin-declaration-mismatch]
../Core/Src/main.c:218:53: note: include '<string.h>' or provide a declaration of 'strlen'
../Core/Src/main.c:218:36: warning: passing argument 2 of 'HAL_SPI_Transmit' makes pointer from integer without a cast [-Wint-conversion]
  218 |           HAL_SPI_Transmit(&hspi2, (uint8_t)string, strlen(string), HAL_MAX_DELAY);
      |                                    ^~~~~~~~~~~~~~~
      |                                    |
      |                                    unsigned char
In file included from ../Core/Inc/stm32f1xx_hal_conf.h:330,
                 from ../Drivers/STM32F1xx_HAL_Driver/Inc/stm32f1xx_hal.h:29,
                 from ../Core/Inc/main.h:30,
                 from ../Core/Src/main.c:20:
../Drivers/STM32F1xx_HAL_Driver/Inc/stm32f1xx_hal_spi.h:675:76: note: expected 'const uint8_t *' {aka 'const unsigned char *'} but argument is of type 'unsigned char'
  675 | HAL_StatusTypeDef HAL_SPI_Transmit(SPI_HandleTypeDef *hspi, const uint8_t *pData, uint16_t Size, uint32_t Timeout);
      |                                                             ~~~~~~~~~~~~~~~^~~~~
arm-none-eabi-gcc -o "STM32Proj.elf" @"objects.list"   -mcpu=cortex-m3 -T"C:\Users\Oazis\Desktop\University\Summer Research Project\STM32project\Embedded-C\AirMonitor\STM32Proj\STM32F103RBTX_FLASH.ld" --specs=nosys.specs -Wl,-Map="STM32Proj.map" -Wl,--gc-sections -static -u _printf_float --specs=nano.specs -mfloat-abi=soft -mthumb -Wl,--start-group -lc -lm -Wl,--end-group
Finished building target: STM32Proj.elf
 
arm-none-eabi-size  STM32Proj.elf 
arm-none-eabi-objdump -h -S STM32Proj.elf  > "STM32Proj.list"
   text	   data	    bss	    dec	    hex	filename
  27156	    468	   2260	  29884	   74bc	STM32Proj.elf
Finished building: default.size.stdout
 
Finished building: STM32Proj.list
 
22:18:13 **** Incremental Build of configuration Debug for project STM32Proj ****
make -j20 all 
arm-none-eabi-gcc "../Core/Src/main.c" -mcpu=cortex-m3 -std=gnu11 -g -DDEBUG -DUSE_HAL_DRIVER -DSTM32F103xB -c -I../Core/Inc -I../Drivers/STM32F1xx_HAL_Driver/Inc -I../Drivers/STM32F1xx_HAL_Driver/Inc/Legacy -I../Drivers/CMSIS/Device/ST/STM32F1xx/Include -I../Drivers/CMSIS/Include -O0 -ffunction-sections -fdata-sections -Wall -fstack-usage -fcyclomatic-complexity -MMD -MP -MF"Core/Src/main.d" -MT"Core/Src/main.o" --specs=nano.specs -mfloat-abi=soft -mthumb -o "Core/Src/main.o"
../Core/Src/main.c: In function 'main':
../Core/Src/main.c:209:11: warning: implicit declaration of function 'printf' [-Wimplicit-function-declaration]
  209 |           printf("Temperature: %2.1f degC\n", tCelsius);
      |           ^~~~~~
../Core/Src/main.c:21:1: note: include '<stdio.h>' or provide a declaration of 'printf'
   20 | #include "main.h"
  +++ |+#include <stdio.h>
   21 | 
../Core/Src/main.c:209:11: warning: incompatible implicit declaration of built-in function 'printf' [-Wbuiltin-declaration-mismatch]
  209 |           printf("Temperature: %2.1f degC\n", tCelsius);
      |           ^~~~~~
../Core/Src/main.c:209:11: note: include '<stdio.h>' or provide a declaration of 'printf'
../Core/Src/main.c:213:11: warning: implicit declaration of function 'memcpy' [-Wimplicit-function-declaration]
  213 |           memcpy(buffer, data, sizeof(data));
      |           ^~~~~~
../Core/Src/main.c:21:1: note: include '<string.h>' or provide a declaration of 'memcpy'
   20 | #include "main.h"
  +++ |+#include <string.h>
   21 | 
../Core/Src/main.c:213:11: warning: incompatible implicit declaration of built-in function 'memcpy' [-Wbuiltin-declaration-mismatch]
  213 |           memcpy(buffer, data, sizeof(data));
      |           ^~~~~~
../Core/Src/main.c:213:11: note: include '<string.h>' or provide a declaration of 'memcpy'
../Core/Src/main.c:218:54: warning: implicit declaration of function 'strlen' [-Wimplicit-function-declaration]
  218 |           HAL_SPI_Transmit(&hspi2, (uint8_t*)string, strlen(string), HAL_MAX_DELAY);
      |                                                      ^~~~~~
../Core/Src/main.c:218:54: note: include '<string.h>' or provide a declaration of 'strlen'
../Core/Src/main.c:218:54: warning: incompatible implicit declaration of built-in function 'strlen' [-Wbuiltin-declaration-mismatch]
../Core/Src/main.c:218:54: note: include '<string.h>' or provide a declaration of 'strlen'
arm-none-eabi-gcc -o "STM32Proj.elf" @"objects.list"   -mcpu=cortex-m3 -T"C:\Users\Oazis\Desktop\University\Summer Research Project\STM32project\Embedded-C\AirMonitor\STM32Proj\STM32F103RBTX_FLASH.ld" --specs=nosys.specs -Wl,-Map="STM32Proj.map" -Wl,--gc-sections -static -u _printf_float --specs=nano.specs -mfloat-abi=soft -mthumb -Wl,--start-group -lc -lm -Wl,--end-group
Finished building target: STM32Proj.elf
 
arm-none-eabi-size  STM32Proj.elf 
arm-none-eabi-objdump -h -S STM32Proj.elf  > "STM32Proj.list"
   text	   data	    bss	    dec	    hex	filename
  27148	    468	   2260	  29876	   74b4	STM32Proj.elf
Finished building: default.size.stdout
 
Finished building: STM32Proj.list
 
22:21:30 **** Incremental Build of configuration Debug for project STM32Proj ****
make -j20 all 
arm-none-eabi-gcc "../Core/Src/main.c" -mcpu=cortex-m3 -std=gnu11 -g -DDEBUG -DUSE_HAL_DRIVER -DSTM32F103xB -c -I../Core/Inc -I../Drivers/STM32F1xx_HAL_Driver/Inc -I../Drivers/STM32F1xx_HAL_Driver/Inc/Legacy -I../Drivers/CMSIS/Device/ST/STM32F1xx/Include -I../Drivers/CMSIS/Include -O0 -ffunction-sections -fdata-sections -Wall -fstack-usage -fcyclomatic-complexity -MMD -MP -MF"Core/Src/main.d" -MT"Core/Src/main.o" --specs=nano.specs -mfloat-abi=soft -mthumb -o "Core/Src/main.o"
../Core/Src/main.c: In function 'main':
../Core/Src/main.c:212:11: warning: implicit declaration of function 'printf' [-Wimplicit-function-declaration]
  212 |           printf("Temperature: %2.1f degC\n", tCelsius);
      |           ^~~~~~
../Core/Src/main.c:21:1: note: include '<stdio.h>' or provide a declaration of 'printf'
   20 | #include "main.h"
  +++ |+#include <stdio.h>
   21 | 
../Core/Src/main.c:212:11: warning: incompatible implicit declaration of built-in function 'printf' [-Wbuiltin-declaration-mismatch]
  212 |           printf("Temperature: %2.1f degC\n", tCelsius);
      |           ^~~~~~
../Core/Src/main.c:212:11: note: include '<stdio.h>' or provide a declaration of 'printf'
../Core/Src/main.c:216:11: warning: implicit declaration of function 'memcpy' [-Wimplicit-function-declaration]
  216 |           memcpy(buffer, data, sizeof(data));
      |           ^~~~~~
../Core/Src/main.c:21:1: note: include '<string.h>' or provide a declaration of 'memcpy'
   20 | #include "main.h"
  +++ |+#include <string.h>
   21 | 
../Core/Src/main.c:216:11: warning: incompatible implicit declaration of built-in function 'memcpy' [-Wbuiltin-declaration-mismatch]
  216 |           memcpy(buffer, data, sizeof(data));
      |           ^~~~~~
../Core/Src/main.c:216:11: note: include '<string.h>' or provide a declaration of 'memcpy'
arm-none-eabi-gcc -o "STM32Proj.elf" @"objects.list"   -mcpu=cortex-m3 -T"C:\Users\Oazis\Desktop\University\Summer Research Project\STM32project\Embedded-C\AirMonitor\STM32Proj\STM32F103RBTX_FLASH.ld" --specs=nosys.specs -Wl,-Map="STM32Proj.map" -Wl,--gc-sections -static -u _printf_float --specs=nano.specs -mfloat-abi=soft -mthumb -Wl,--start-group -lc -lm -Wl,--end-group
Finished building target: STM32Proj.elf
 
arm-none-eabi-size  STM32Proj.elf 
arm-none-eabi-objdump -h -S STM32Proj.elf  > "STM32Proj.list"
   text	   data	    bss	    dec	    hex	filename
  27140	    468	   2260	  29868	   74ac	STM32Proj.elf
Finished building: default.size.stdout
 
Finished building: STM32Proj.list
 
22:21:43 **** Incremental Build of configuration Debug for project STM32Proj ****
make -j20 all 
arm-none-eabi-size  STM32Proj.elf 
   text	   data	    bss	    dec	    hex	filename
  27140	    468	   2260	  29868	   74ac	STM32Proj.elf
Finished building: default.size.stdout
 
22:21:57 **** Incremental Build of configuration Debug for project STM32Proj ****
make -j20 all 
arm-none-eabi-size  STM32Proj.elf 
   text	   data	    bss	    dec	    hex	filename
  27140	    468	   2260	  29868	   74ac	STM32Proj.elf
Finished building: default.size.stdout
 
22:23:09 **** Incremental Build of configuration Debug for project STM32Proj ****
make -j20 all 
arm-none-eabi-gcc "../Core/Src/main.c" -mcpu=cortex-m3 -std=gnu11 -g -DDEBUG -DUSE_HAL_DRIVER -DSTM32F103xB -c -I../Core/Inc -I../Drivers/STM32F1xx_HAL_Driver/Inc -I../Drivers/STM32F1xx_HAL_Driver/Inc/Legacy -I../Drivers/CMSIS/Device/ST/STM32F1xx/Include -I../Drivers/CMSIS/Include -O0 -ffunction-sections -fdata-sections -Wall -fstack-usage -fcyclomatic-complexity -MMD -MP -MF"Core/Src/main.d" -MT"Core/Src/main.o" --specs=nano.specs -mfloat-abi=soft -mthumb -o "Core/Src/main.o"
../Core/Src/main.c: In function 'main':
../Core/Src/main.c:212:11: warning: implicit declaration of function 'printf' [-Wimplicit-function-declaration]
  212 |           printf("Temperature: %2.1f degC\n", tCelsius);
      |           ^~~~~~
../Core/Src/main.c:21:1: note: include '<stdio.h>' or provide a declaration of 'printf'
   20 | #include "main.h"
  +++ |+#include <stdio.h>
   21 | 
../Core/Src/main.c:212:11: warning: incompatible implicit declaration of built-in function 'printf' [-Wbuiltin-declaration-mismatch]
  212 |           printf("Temperature: %2.1f degC\n", tCelsius);
      |           ^~~~~~
../Core/Src/main.c:212:11: note: include '<stdio.h>' or provide a declaration of 'printf'
../Core/Src/main.c:216:11: warning: implicit declaration of function 'memcpy' [-Wimplicit-function-declaration]
  216 |           memcpy(buffer, data, sizeof(data));
      |           ^~~~~~
../Core/Src/main.c:21:1: note: include '<string.h>' or provide a declaration of 'memcpy'
   20 | #include "main.h"
  +++ |+#include <string.h>
   21 | 
../Core/Src/main.c:216:11: warning: incompatible implicit declaration of built-in function 'memcpy' [-Wbuiltin-declaration-mismatch]
  216 |           memcpy(buffer, data, sizeof(data));
      |           ^~~~~~
../Core/Src/main.c:216:11: note: include '<string.h>' or provide a declaration of 'memcpy'
arm-none-eabi-gcc -o "STM32Proj.elf" @"objects.list"   -mcpu=cortex-m3 -T"C:\Users\Oazis\Desktop\University\Summer Research Project\STM32project\Embedded-C\AirMonitor\STM32Proj\STM32F103RBTX_FLASH.ld" --specs=nosys.specs -Wl,-Map="STM32Proj.map" -Wl,--gc-sections -static -u _printf_float --specs=nano.specs -mfloat-abi=soft -mthumb -Wl,--start-group -lc -lm -Wl,--end-group
Finished building target: STM32Proj.elf
 
arm-none-eabi-size  STM32Proj.elf 
arm-none-eabi-objdump -h -S STM32Proj.elf  > "STM32Proj.list"
   text	   data	    bss	    dec	    hex	filename
  27140	    468	   2260	  29868	   74ac	STM32Proj.elf
Finished building: default.size.stdout
 
Finished building: STM32Proj.list
 
22:24:15 **** Incremental Build of configuration Debug for project STM32Proj ****
make -j20 all 
arm-none-eabi-gcc "../Core/Src/main.c" -mcpu=cortex-m3 -std=gnu11 -g -DDEBUG -DUSE_HAL_DRIVER -DSTM32F103xB -c -I../Core/Inc -I../Drivers/STM32F1xx_HAL_Driver/Inc -I../Drivers/STM32F1xx_HAL_Driver/Inc/Legacy -I../Drivers/CMSIS/Device/ST/STM32F1xx/Include -I../Drivers/CMSIS/Include -O0 -ffunction-sections -fdata-sections -Wall -fstack-usage -fcyclomatic-complexity -MMD -MP -MF"Core/Src/main.d" -MT"Core/Src/main.o" --specs=nano.specs -mfloat-abi=soft -mthumb -o "Core/Src/main.o"
../Core/Src/main.c: In function 'main':
../Core/Src/main.c:212:11: warning: implicit declaration of function 'printf' [-Wimplicit-function-declaration]
  212 |           printf("Temperature: %2.1f degC\n", tCelsius);
      |           ^~~~~~
../Core/Src/main.c:21:1: note: include '<stdio.h>' or provide a declaration of 'printf'
   20 | #include "main.h"
  +++ |+#include <stdio.h>
   21 | 
../Core/Src/main.c:212:11: warning: incompatible implicit declaration of built-in function 'printf' [-Wbuiltin-declaration-mismatch]
  212 |           printf("Temperature: %2.1f degC\n", tCelsius);
      |           ^~~~~~
../Core/Src/main.c:212:11: note: include '<stdio.h>' or provide a declaration of 'printf'
../Core/Src/main.c:216:11: warning: implicit declaration of function 'memcpy' [-Wimplicit-function-declaration]
  216 |           memcpy(buffer, data, sizeof(data));
      |           ^~~~~~
../Core/Src/main.c:21:1: note: include '<string.h>' or provide a declaration of 'memcpy'
   20 | #include "main.h"
  +++ |+#include <string.h>
   21 | 
../Core/Src/main.c:216:11: warning: incompatible implicit declaration of built-in function 'memcpy' [-Wbuiltin-declaration-mismatch]
  216 |           memcpy(buffer, data, sizeof(data));
      |           ^~~~~~
../Core/Src/main.c:216:11: note: include '<string.h>' or provide a declaration of 'memcpy'
../Core/Src/main.c:221:54: warning: implicit declaration of function 'strlen' [-Wimplicit-function-declaration]
  221 |           HAL_SPI_Transmit(&hspi2, (uint8_t*)string, strlen(string), HAL_MAX_DELAY);
      |                                                      ^~~~~~
../Core/Src/main.c:221:54: note: include '<string.h>' or provide a declaration of 'strlen'
../Core/Src/main.c:221:54: warning: incompatible implicit declaration of built-in function 'strlen' [-Wbuiltin-declaration-mismatch]
../Core/Src/main.c:221:54: note: include '<string.h>' or provide a declaration of 'strlen'
arm-none-eabi-gcc -o "STM32Proj.elf" @"objects.list"   -mcpu=cortex-m3 -T"C:\Users\Oazis\Desktop\University\Summer Research Project\STM32project\Embedded-C\AirMonitor\STM32Proj\STM32F103RBTX_FLASH.ld" --specs=nosys.specs -Wl,-Map="STM32Proj.map" -Wl,--gc-sections -static -u _printf_float --specs=nano.specs -mfloat-abi=soft -mthumb -Wl,--start-group -lc -lm -Wl,--end-group
Finished building target: STM32Proj.elf
 
arm-none-eabi-size  STM32Proj.elf 
arm-none-eabi-objdump -h -S STM32Proj.elf  > "STM32Proj.list"
   text	   data	    bss	    dec	    hex	filename
  27172	    468	   2260	  29900	   74cc	STM32Proj.elf
Finished building: default.size.stdout
 
Finished building: STM32Proj.list
 
22:31:20 **** Incremental Build of configuration Debug for project STM32Proj ****
make -j20 all 
arm-none-eabi-gcc "../Core/Src/main.c" -mcpu=cortex-m3 -std=gnu11 -g -DDEBUG -DUSE_HAL_DRIVER -DSTM32F103xB -c -I../Core/Inc -I../Drivers/STM32F1xx_HAL_Driver/Inc -I../Drivers/STM32F1xx_HAL_Driver/Inc/Legacy -I../Drivers/CMSIS/Device/ST/STM32F1xx/Include -I../Drivers/CMSIS/Include -O0 -ffunction-sections -fdata-sections -Wall -fstack-usage -fcyclomatic-complexity -MMD -MP -MF"Core/Src/main.d" -MT"Core/Src/main.o" --specs=nano.specs -mfloat-abi=soft -mthumb -o "Core/Src/main.o"
../Core/Src/main.c: In function 'main':
../Core/Src/main.c:212:11: warning: implicit declaration of function 'printf' [-Wimplicit-function-declaration]
  212 |           printf("Temperature: %2.1f degC\n", tCelsius);
      |           ^~~~~~
../Core/Src/main.c:21:1: note: include '<stdio.h>' or provide a declaration of 'printf'
   20 | #include "main.h"
  +++ |+#include <stdio.h>
   21 | 
../Core/Src/main.c:212:11: warning: incompatible implicit declaration of built-in function 'printf' [-Wbuiltin-declaration-mismatch]
  212 |           printf("Temperature: %2.1f degC\n", tCelsius);
      |           ^~~~~~
../Core/Src/main.c:212:11: note: include '<stdio.h>' or provide a declaration of 'printf'
../Core/Src/main.c:216:11: warning: implicit declaration of function 'memcpy' [-Wimplicit-function-declaration]
  216 |           memcpy(buffer, data, sizeof(data));
      |           ^~~~~~
../Core/Src/main.c:21:1: note: include '<string.h>' or provide a declaration of 'memcpy'
   20 | #include "main.h"
  +++ |+#include <string.h>
   21 | 
../Core/Src/main.c:216:11: warning: incompatible implicit declaration of built-in function 'memcpy' [-Wbuiltin-declaration-mismatch]
  216 |           memcpy(buffer, data, sizeof(data));
      |           ^~~~~~
../Core/Src/main.c:216:11: note: include '<string.h>' or provide a declaration of 'memcpy'
../Core/Src/main.c:221:54: warning: implicit declaration of function 'strlen' [-Wimplicit-function-declaration]
  221 |           HAL_SPI_Transmit(&hspi2, (uint8_t*)string, strlen(string), HAL_MAX_DELAY);
      |                                                      ^~~~~~
../Core/Src/main.c:221:54: note: include '<string.h>' or provide a declaration of 'strlen'
../Core/Src/main.c:221:54: warning: incompatible implicit declaration of built-in function 'strlen' [-Wbuiltin-declaration-mismatch]
../Core/Src/main.c:221:54: note: include '<string.h>' or provide a declaration of 'strlen'
arm-none-eabi-gcc -o "STM32Proj.elf" @"objects.list"   -mcpu=cortex-m3 -T"C:\Users\Oazis\Desktop\University\Summer Research Project\STM32project\Embedded-C\AirMonitor\STM32Proj\STM32F103RBTX_FLASH.ld" --specs=nosys.specs -Wl,-Map="STM32Proj.map" -Wl,--gc-sections -static -u _printf_float --specs=nano.specs -mfloat-abi=soft -mthumb -Wl,--start-group -lc -lm -Wl,--end-group
Finished building target: STM32Proj.elf
 
arm-none-eabi-size  STM32Proj.elf 
arm-none-eabi-objdump -h -S STM32Proj.elf  > "STM32Proj.list"
   text	   data	    bss	    dec	    hex	filename
  27172	    468	   2260	  29900	   74cc	STM32Proj.elf
Finished building: default.size.stdout
 
Finished building: STM32Proj.list
 
22:34:58 **** Incremental Build of configuration Debug for project STM32Proj ****
make -j20 all 
arm-none-eabi-gcc "../Core/Src/main.c" -mcpu=cortex-m3 -std=gnu11 -g -DDEBUG -DUSE_HAL_DRIVER -DSTM32F103xB -c -I../Core/Inc -I../Drivers/STM32F1xx_HAL_Driver/Inc -I../Drivers/STM32F1xx_HAL_Driver/Inc/Legacy -I../Drivers/CMSIS/Device/ST/STM32F1xx/Include -I../Drivers/CMSIS/Include -O0 -ffunction-sections -fdata-sections -Wall -fstack-usage -fcyclomatic-complexity -MMD -MP -MF"Core/Src/main.d" -MT"Core/Src/main.o" --specs=nano.specs -mfloat-abi=soft -mthumb -o "Core/Src/main.o"
../Core/Src/main.c: In function 'main':
../Core/Src/main.c:212:11: warning: implicit declaration of function 'printf' [-Wimplicit-function-declaration]
  212 |           printf("Temperature: %2.1f degC\n", tCelsius);
      |           ^~~~~~
../Core/Src/main.c:21:1: note: include '<stdio.h>' or provide a declaration of 'printf'
   20 | #include "main.h"
  +++ |+#include <stdio.h>
   21 | 
../Core/Src/main.c:212:11: warning: incompatible implicit declaration of built-in function 'printf' [-Wbuiltin-declaration-mismatch]
  212 |           printf("Temperature: %2.1f degC\n", tCelsius);
      |           ^~~~~~
../Core/Src/main.c:212:11: note: include '<stdio.h>' or provide a declaration of 'printf'
../Core/Src/main.c:216:11: warning: implicit declaration of function 'memcpy' [-Wimplicit-function-declaration]
  216 |           memcpy(buffer, data, sizeof(data));
      |           ^~~~~~
../Core/Src/main.c:21:1: note: include '<string.h>' or provide a declaration of 'memcpy'
   20 | #include "main.h"
  +++ |+#include <string.h>
   21 | 
../Core/Src/main.c:216:11: warning: incompatible implicit declaration of built-in function 'memcpy' [-Wbuiltin-declaration-mismatch]
  216 |           memcpy(buffer, data, sizeof(data));
      |           ^~~~~~
../Core/Src/main.c:216:11: note: include '<string.h>' or provide a declaration of 'memcpy'
../Core/Src/main.c:221:54: warning: implicit declaration of function 'strlen' [-Wimplicit-function-declaration]
  221 |           HAL_SPI_Transmit(&hspi2, (uint8_t*)string, strlen(string), HAL_MAX_DELAY);
      |                                                      ^~~~~~
../Core/Src/main.c:221:54: note: include '<string.h>' or provide a declaration of 'strlen'
../Core/Src/main.c:221:54: warning: incompatible implicit declaration of built-in function 'strlen' [-Wbuiltin-declaration-mismatch]
../Core/Src/main.c:221:54: note: include '<string.h>' or provide a declaration of 'strlen'
arm-none-eabi-gcc -o "STM32Proj.elf" @"objects.list"   -mcpu=cortex-m3 -T"C:\Users\Oazis\Desktop\University\Summer Research Project\STM32project\Embedded-C\AirMonitor\STM32Proj\STM32F103RBTX_FLASH.ld" --specs=nosys.specs -Wl,-Map="STM32Proj.map" -Wl,--gc-sections -static -u _printf_float --specs=nano.specs -mfloat-abi=soft -mthumb -Wl,--start-group -lc -lm -Wl,--end-group
Finished building target: STM32Proj.elf
 
arm-none-eabi-size  STM32Proj.elf 
arm-none-eabi-objdump -h -S STM32Proj.elf  > "STM32Proj.list"
   text	   data	    bss	    dec	    hex	filename
  27172	    468	   2260	  29900	   74cc	STM32Proj.elf
Finished building: default.size.stdout
 
Finished building: STM32Proj.list
 
14:38:46 **** Incremental Build of configuration Debug for project STM32Proj ****
make -j20 all 
arm-none-eabi-size  STM32Proj.elf 
   text	   data	    bss	    dec	    hex	filename
  27172	    468	   2260	  29900	   74cc	STM32Proj.elf
Finished building: default.size.stdout
 
17:40:49 **** Incremental Build of configuration Debug for project STM32Proj ****
make -j20 all 
arm-none-eabi-size  STM32Proj.elf 
   text	   data	    bss	    dec	    hex	filename
  27172	    468	   2260	  29900	   74cc	STM32Proj.elf
Finished building: default.size.stdout
 
17:43:50 **** Incremental Build of configuration Debug for project STM32Proj ****
make -j20 all 
arm-none-eabi-gcc "../Core/Src/main.c" -mcpu=cortex-m3 -std=gnu11 -g -DDEBUG -DUSE_HAL_DRIVER -DSTM32F103xB -c -I../Core/Inc -I../Drivers/STM32F1xx_HAL_Driver/Inc -I../Drivers/STM32F1xx_HAL_Driver/Inc/Legacy -I../Drivers/CMSIS/Device/ST/STM32F1xx/Include -I../Drivers/CMSIS/Include -O0 -ffunction-sections -fdata-sections -Wall -fstack-usage -fcyclomatic-complexity -MMD -MP -MF"Core/Src/main.d" -MT"Core/Src/main.o" --specs=nano.specs -mfloat-abi=soft -mthumb -o "Core/Src/main.o"
../Core/Src/main.c: In function 'main':
../Core/Src/main.c:212:11: warning: implicit declaration of function 'printf' [-Wimplicit-function-declaration]
  212 |           printf("Temperature: %2.1f degC\n", tCelsius);
      |           ^~~~~~
../Core/Src/main.c:21:1: note: include '<stdio.h>' or provide a declaration of 'printf'
   20 | #include "main.h"
  +++ |+#include <stdio.h>
   21 | 
../Core/Src/main.c:212:11: warning: incompatible implicit declaration of built-in function 'printf' [-Wbuiltin-declaration-mismatch]
  212 |           printf("Temperature: %2.1f degC\n", tCelsius);
      |           ^~~~~~
../Core/Src/main.c:212:11: note: include '<stdio.h>' or provide a declaration of 'printf'
../Core/Src/main.c:216:11: warning: implicit declaration of function 'memcpy' [-Wimplicit-function-declaration]
  216 |           memcpy(buffer, data, sizeof(data));
      |           ^~~~~~
../Core/Src/main.c:21:1: note: include '<string.h>' or provide a declaration of 'memcpy'
   20 | #include "main.h"
  +++ |+#include <string.h>
   21 | 
../Core/Src/main.c:216:11: warning: incompatible implicit declaration of built-in function 'memcpy' [-Wbuiltin-declaration-mismatch]
  216 |           memcpy(buffer, data, sizeof(data));
      |           ^~~~~~
../Core/Src/main.c:216:11: note: include '<string.h>' or provide a declaration of 'memcpy'
../Core/Src/main.c:221:54: warning: implicit declaration of function 'strlen' [-Wimplicit-function-declaration]
  221 |           HAL_SPI_Transmit(&hspi2, (uint8_t*)string, strlen(string), HAL_MAX_DELAY);
      |                                                      ^~~~~~
../Core/Src/main.c:221:54: note: include '<string.h>' or provide a declaration of 'strlen'
../Core/Src/main.c:221:54: warning: incompatible implicit declaration of built-in function 'strlen' [-Wbuiltin-declaration-mismatch]
../Core/Src/main.c:221:54: note: include '<string.h>' or provide a declaration of 'strlen'
arm-none-eabi-gcc -o "STM32Proj.elf" @"objects.list"   -mcpu=cortex-m3 -T"C:\Users\Oazis\Desktop\University\Summer Research Project\STM32project\Embedded-C\AirMonitor\STM32Proj\STM32F103RBTX_FLASH.ld" --specs=nosys.specs -Wl,-Map="STM32Proj.map" -Wl,--gc-sections -static -u _printf_float --specs=nano.specs -mfloat-abi=soft -mthumb -Wl,--start-group -lc -lm -Wl,--end-group
Finished building target: STM32Proj.elf
 
arm-none-eabi-size  STM32Proj.elf 
arm-none-eabi-objdump -h -S STM32Proj.elf  > "STM32Proj.list"
   text	   data	    bss	    dec	    hex	filename
  27180	    468	   2260	  29908	   74d4	STM32Proj.elf
Finished building: default.size.stdout
 
Finished building: STM32Proj.list
 
17:44:16 **** Incremental Build of configuration Debug for project STM32Proj ****
make -j20 all 
arm-none-eabi-size  STM32Proj.elf 
   text	   data	    bss	    dec	    hex	filename
  27180	    468	   2260	  29908	   74d4	STM32Proj.elf
Finished building: default.size.stdout
 
17:57:07 **** Incremental Build of configuration Debug for project STM32Proj ****
make -j20 all 
arm-none-eabi-gcc "../Core/Src/main.c" -mcpu=cortex-m3 -std=gnu11 -g -DDEBUG -DUSE_HAL_DRIVER -DSTM32F103xB -c -I../Core/Inc -I../Drivers/STM32F1xx_HAL_Driver/Inc -I../Drivers/STM32F1xx_HAL_Driver/Inc/Legacy -I../Drivers/CMSIS/Device/ST/STM32F1xx/Include -I../Drivers/CMSIS/Include -O0 -ffunction-sections -fdata-sections -Wall -fstack-usage -fcyclomatic-complexity -MMD -MP -MF"Core/Src/main.d" -MT"Core/Src/main.o" --specs=nano.specs -mfloat-abi=soft -mthumb -o "Core/Src/main.o"
../Core/Src/main.c: In function 'main':
../Core/Src/main.c:212:11: warning: implicit declaration of function 'printf' [-Wimplicit-function-declaration]
  212 |           printf("Temperature: %2.1f degC\n", tCelsius);
      |           ^~~~~~
../Core/Src/main.c:21:1: note: include '<stdio.h>' or provide a declaration of 'printf'
   20 | #include "main.h"
  +++ |+#include <stdio.h>
   21 | 
../Core/Src/main.c:212:11: warning: incompatible implicit declaration of built-in function 'printf' [-Wbuiltin-declaration-mismatch]
  212 |           printf("Temperature: %2.1f degC\n", tCelsius);
      |           ^~~~~~
../Core/Src/main.c:212:11: note: include '<stdio.h>' or provide a declaration of 'printf'
../Core/Src/main.c:216:11: warning: implicit declaration of function 'memcpy' [-Wimplicit-function-declaration]
  216 |           memcpy(buffer, data, sizeof(data));
      |           ^~~~~~
../Core/Src/main.c:21:1: note: include '<string.h>' or provide a declaration of 'memcpy'
   20 | #include "main.h"
[...]
  214 |           memcpy(buffer, data, sizeof(data));
      |           ^~~~~~
../Core/Src/main.c:214:11: note: include '<string.h>' or provide a declaration of 'memcpy'
../Core/Src/main.c:218:54: warning: implicit declaration of function 'strlen' [-Wimplicit-function-declaration]
  218 |           HAL_SPI_Transmit(&hspi2, (uint8_t*)string, strlen(string), HAL_MAX_DELAY);
      |                                                      ^~~~~~
../Core/Src/main.c:218:54: note: include '<string.h>' or provide a declaration of 'strlen'
../Core/Src/main.c:218:54: warning: incompatible implicit declaration of built-in function 'strlen' [-Wbuiltin-declaration-mismatch]
../Core/Src/main.c:218:54: note: include '<string.h>' or provide a declaration of 'strlen'
arm-none-eabi-gcc -o "STM32Proj.elf" @"objects.list"   -mcpu=cortex-m3 -T"C:\Users\Oazis\Desktop\University\Summer Research Project\STM32project\Embedded-C\AirMonitor\STM32Proj\STM32F103RBTX_FLASH.ld" --specs=nosys.specs -Wl,-Map="STM32Proj.map" -Wl,--gc-sections -static -u _printf_float --specs=nano.specs -mfloat-abi=soft -mthumb -Wl,--start-group -lc -lm -Wl,--end-group
Finished building target: STM32Proj.elf
 
arm-none-eabi-size  STM32Proj.elf 
arm-none-eabi-objdump -h -S STM32Proj.elf  > "STM32Proj.list"
   text	   data	    bss	    dec	    hex	filename
  27156	    468	   2260	  29884	   74bc	STM32Proj.elf
Finished building: default.size.stdout
 
Finished building: STM32Proj.list
 
16:18:54 **** Incremental Build of configuration Debug for project STM32Proj ****
make -j20 all 
arm-none-eabi-size  STM32Proj.elf 
   text	   data	    bss	    dec	    hex	filename
  27156	    468	   2260	  29884	   74bc	STM32Proj.elf
Finished building: default.size.stdout
 
16:20:19 **** Incremental Build of configuration Debug for project STM32Proj ****
make -j20 all 
arm-none-eabi-gcc "../Core/Src/main.c" -mcpu=cortex-m3 -std=gnu11 -g -DDEBUG -DUSE_HAL_DRIVER -DSTM32F103xB -c -I../Core/Inc -I../Drivers/STM32F1xx_HAL_Driver/Inc -I../Drivers/STM32F1xx_HAL_Driver/Inc/Legacy -I../Drivers/CMSIS/Device/ST/STM32F1xx/Include -I../Drivers/CMSIS/Include -O0 -ffunction-sections -fdata-sections -Wall -fstack-usage -fcyclomatic-complexity -MMD -MP -MF"Core/Src/main.d" -MT"Core/Src/main.o" --specs=nano.specs -mfloat-abi=soft -mthumb -o "Core/Src/main.o"
../Core/Src/main.c: In function 'main':
../Core/Src/main.c:210:11: warning: implicit declaration of function 'printf' [-Wimplicit-function-declaration]
  210 |           printf("Temperature: %2.1f degC\n", tCelsius);
      |           ^~~~~~
../Core/Src/main.c:21:1: note: include '<stdio.h>' or provide a declaration of 'printf'
   20 | #include "main.h"
  +++ |+#include <stdio.h>
   21 | 
../Core/Src/main.c:210:11: warning: incompatible implicit declaration of built-in function 'printf' [-Wbuiltin-declaration-mismatch]
  210 |           printf("Temperature: %2.1f degC\n", tCelsius);
      |           ^~~~~~
../Core/Src/main.c:210:11: note: include '<stdio.h>' or provide a declaration of 'printf'
../Core/Src/main.c:214:11: warning: implicit declaration of function 'memcpy' [-Wimplicit-function-declaration]
  214 |           memcpy(buffer, data, sizeof(data));
      |           ^~~~~~
../Core/Src/main.c:21:1: note: include '<string.h>' or provide a declaration of 'memcpy'
   20 | #include "main.h"
  +++ |+#include <string.h>
   21 | 
../Core/Src/main.c:214:11: warning: incompatible implicit declaration of built-in function 'memcpy' [-Wbuiltin-declaration-mismatch]
  214 |           memcpy(buffer, data, sizeof(data));
      |           ^~~~~~
../Core/Src/main.c:214:11: note: include '<string.h>' or provide a declaration of 'memcpy'
../Core/Src/main.c:218:54: warning: implicit declaration of function 'strlen' [-Wimplicit-function-declaration]
  218 |           HAL_SPI_Transmit(&hspi2, (uint8_t*)string, strlen(string), HAL_MAX_DELAY);
      |                                                      ^~~~~~
../Core/Src/main.c:218:54: note: include '<string.h>' or provide a declaration of 'strlen'
../Core/Src/main.c:218:54: warning: incompatible implicit declaration of built-in function 'strlen' [-Wbuiltin-declaration-mismatch]
../Core/Src/main.c:218:54: note: include '<string.h>' or provide a declaration of 'strlen'
arm-none-eabi-gcc -o "STM32Proj.elf" @"objects.list"   -mcpu=cortex-m3 -T"C:\Users\Oazis\Desktop\University\Summer Research Project\STM32project\Embedded-C\AirMonitor\STM32Proj\STM32F103RBTX_FLASH.ld" --specs=nosys.specs -Wl,-Map="STM32Proj.map" -Wl,--gc-sections -static -u _printf_float --specs=nano.specs -mfloat-abi=soft -mthumb -Wl,--start-group -lc -lm -Wl,--end-group
Finished building target: STM32Proj.elf
 
arm-none-eabi-size  STM32Proj.elf 
arm-none-eabi-objdump -h -S STM32Proj.elf  > "STM32Proj.list"
   text	   data	    bss	    dec	    hex	filename
  27156	    468	   2260	  29884	   74bc	STM32Proj.elf
Finished building: default.size.stdout
 
Finished building: STM32Proj.list
 
18:50:44 **** Incremental Build of configuration Debug for project STM32Proj ****
make -j20 all 
arm-none-eabi-gcc "../Drivers/STM32F1xx_HAL_Driver/Src/stm32f1xx_hal.c" -mcpu=cortex-m3 -std=gnu11 -g -DDEBUG -DUSE_HAL_DRIVER -DSTM32F103xB -c -I../Core/Inc -I../Drivers/STM32F1xx_HAL_Driver/Inc -I../Drivers/STM32F1xx_HAL_Driver/Inc/Legacy -I../Drivers/CMSIS/Device/ST/STM32F1xx/Include -I../Drivers/CMSIS/Include -O0 -ffunction-sections -fdata-sections -Wall -fstack-usage -fcyclomatic-complexity -MMD -MP -MF"Drivers/STM32F1xx_HAL_Driver/Src/stm32f1xx_hal.d" -MT"Drivers/STM32F1xx_HAL_Driver/Src/stm32f1xx_hal.o" --specs=nano.specs -mfloat-abi=soft -mthumb -o "Drivers/STM32F1xx_HAL_Driver/Src/stm32f1xx_hal.o"
arm-none-eabi-gcc "../Drivers/STM32F1xx_HAL_Driver/Src/stm32f1xx_hal_cortex.c" -mcpu=cortex-m3 -std=gnu11 -g -DDEBUG -DUSE_HAL_DRIVER -DSTM32F103xB -c -I../Core/Inc -I../Drivers/STM32F1xx_HAL_Driver/Inc -I../Drivers/STM32F1xx_HAL_Driver/Inc/Legacy -I../Drivers/CMSIS/Device/ST/STM32F1xx/Include -I../Drivers/CMSIS/Include -O0 -ffunction-sections -fdata-sections -Wall -fstack-usage -fcyclomatic-complexity -MMD -MP -MF"Drivers/STM32F1xx_HAL_Driver/Src/stm32f1xx_hal_cortex.d" -MT"Drivers/STM32F1xx_HAL_Driver/Src/stm32f1xx_hal_cortex.o" --specs=nano.specs -mfloat-abi=soft -mthumb -o "Drivers/STM32F1xx_HAL_Driver/Src/stm32f1xx_hal_cortex.o"
arm-none-eabi-gcc "../Drivers/STM32F1xx_HAL_Driver/Src/stm32f1xx_hal_dma.c" -mcpu=cortex-m3 -std=gnu11 -g -DDEBUG -DUSE_HAL_DRIVER -DSTM32F103xB -c -I../Core/Inc -I../Drivers/STM32F1xx_HAL_Driver/Inc -I../Drivers/STM32F1xx_HAL_Driver/Inc/Legacy -I../Drivers/CMSIS/Device/ST/STM32F1xx/Include -I../Drivers/CMSIS/Include -O0 -ffunction-sections -fdata-sections -Wall -fstack-usage -fcyclomatic-complexity -MMD -MP -MF"Drivers/STM32F1xx_HAL_Driver/Src/stm32f1xx_hal_dma.d" -MT"Drivers/STM32F1xx_HAL_Driver/Src/stm32f1xx_hal_dma.o" --specs=nano.specs -mfloat-abi=soft -mthumb -o "Drivers/STM32F1xx_HAL_Driver/Src/stm32f1xx_hal_dma.o"
arm-none-eabi-gcc "../Drivers/STM32F1xx_HAL_Driver/Src/stm32f1xx_hal_exti.c" -mcpu=cortex-m3 -std=gnu11 -g -DDEBUG -DUSE_HAL_DRIVER -DSTM32F103xB -c -I../Core/Inc -I../Drivers/STM32F1xx_HAL_Driver/Inc -I../Drivers/STM32F1xx_HAL_Driver/Inc/Legacy -I../Drivers/CMSIS/Device/ST/STM32F1xx/Include -I../Drivers/CMSIS/Include -O0 -ffunction-sections -fdata-sections -Wall -fstack-usage -fcyclomatic-complexity -MMD -MP -MF"Drivers/STM32F1xx_HAL_Driver/Src/stm32f1xx_hal_exti.d" -MT"Drivers/STM32F1xx_HAL_Driver/Src/stm32f1xx_hal_exti.o" --specs=nano.specs -mfloat-abi=soft -mthumb -o "Drivers/STM32F1xx_HAL_Driver/Src/stm32f1xx_hal_exti.o"
arm-none-eabi-gcc "../Drivers/STM32F1xx_HAL_Driver/Src/stm32f1xx_hal_flash.c" -mcpu=cortex-m3 -std=gnu11 -g -DDEBUG -DUSE_HAL_DRIVER -DSTM32F103xB -c -I../Core/Inc -I../Drivers/STM32F1xx_HAL_Driver/Inc -I../Drivers/STM32F1xx_HAL_Driver/Inc/Legacy -I../Drivers/CMSIS/Device/ST/STM32F1xx/Include -I../Drivers/CMSIS/Include -O0 -ffunction-sections -fdata-sections -Wall -fstack-usage -fcyclomatic-complexity -MMD -MP -MF"Drivers/STM32F1xx_HAL_Driver/Src/stm32f1xx_hal_flash.d" -MT"Drivers/STM32F1xx_HAL_Driver/Src/stm32f1xx_hal_flash.o" --specs=nano.specs -mfloat-abi=soft -mthumb -o "Drivers/STM32F1xx_HAL_Driver/Src/stm32f1xx_hal_flash.o"
arm-none-eabi-gcc "../Drivers/STM32F1xx_HAL_Driver/Src/stm32f1xx_hal_flash_ex.c" -mcpu=cortex-m3 -std=gnu11 -g -DDEBUG -DUSE_HAL_DRIVER -DSTM32F103xB -c -I../Core/Inc -I../Drivers/STM32F1xx_HAL_Driver/Inc -I../Drivers/STM32F1xx_HAL_Driver/Inc/Legacy -I../Drivers/CMSIS/Device/ST/STM32F1xx/Include -I../Drivers/CMSIS/Include -O0 -ffunction-sections -fdata-sections -Wall -fstack-usage -fcyclomatic-complexity -MMD -MP -MF"Drivers/STM32F1xx_HAL_Driver/Src/stm32f1xx_hal_flash_ex.d" -MT"Drivers/STM32F1xx_HAL_Driver/Src/stm32f1xx_hal_flash_ex.o" --specs=nano.specs -mfloat-abi=soft -mthumb -o "Drivers/STM32F1xx_HAL_Driver/Src/stm32f1xx_hal_flash_ex.o"
arm-none-eabi-gcc "../Drivers/STM32F1xx_HAL_Driver/Src/stm32f1xx_hal_gpio.c" -mcpu=cortex-m3 -std=gnu11 -g -DDEBUG -DUSE_HAL_DRIVER -DSTM32F103xB -c -I../Core/Inc -I../Drivers/STM32F1xx_HAL_Driver/Inc -I../Drivers/STM32F1xx_HAL_Driver/Inc/Legacy -I../Drivers/CMSIS/Device/ST/STM32F1xx/Include -I../Drivers/CMSIS/Include -O0 -ffunction-sections -fdata-sections -Wall -fstack-usage -fcyclomatic-complexity -MMD -MP -MF"Drivers/STM32F1xx_HAL_Driver/Src/stm32f1xx_hal_gpio.d" -MT"Drivers/STM32F1xx_HAL_Driver/Src/stm32f1xx_hal_gpio.o" --specs=nano.specs -mfloat-abi=soft -mthumb -o "Drivers/STM32F1xx_HAL_Driver/Src/stm32f1xx_hal_gpio.o"
arm-none-eabi-gcc "../Drivers/STM32F1xx_HAL_Driver/Src/stm32f1xx_hal_gpio_ex.c" -mcpu=cortex-m3 -std=gnu11 -g -DDEBUG -DUSE_HAL_DRIVER -DSTM32F103xB -c -I../Core/Inc -I../Drivers/STM32F1xx_HAL_Driver/Inc -I../Drivers/STM32F1xx_HAL_Driver/Inc/Legacy -I../Drivers/CMSIS/Device/ST/STM32F1xx/Include -I../Drivers/CMSIS/Include -O0 -ffunction-sections -fdata-sections -Wall -fstack-usage -fcyclomatic-complexity -MMD -MP -MF"Drivers/STM32F1xx_HAL_Driver/Src/stm32f1xx_hal_gpio_ex.d" -MT"Drivers/STM32F1xx_HAL_Driver/Src/stm32f1xx_hal_gpio_ex.o" --specs=nano.specs -mfloat-abi=soft -mthumb -o "Drivers/STM32F1xx_HAL_Driver/Src/stm32f1xx_hal_gpio_ex.o"
arm-none-eabi-gcc "../Drivers/STM32F1xx_HAL_Driver/Src/stm32f1xx_hal_pwr.c" -mcpu=cortex-m3 -std=gnu11 -g -DDEBUG -DUSE_HAL_DRIVER -DSTM32F103xB -c -I../Core/Inc -I../Drivers/STM32F1xx_HAL_Driver/Inc -I../Drivers/STM32F1xx_HAL_Driver/Inc/Legacy -I../Drivers/CMSIS/Device/ST/STM32F1xx/Include -I../Drivers/CMSIS/Include -O0 -ffunction-sections -fdata-sections -Wall -fstack-usage -fcyclomatic-complexity -MMD -MP -MF"Drivers/STM32F1xx_HAL_Driver/Src/stm32f1xx_hal_pwr.d" -MT"Drivers/STM32F1xx_HAL_Driver/Src/stm32f1xx_hal_pwr.o" --specs=nano.specs -mfloat-abi=soft -mthumb -o "Drivers/STM32F1xx_HAL_Driver/Src/stm32f1xx_hal_pwr.o"
arm-none-eabi-gcc "../Drivers/STM32F1xx_HAL_Driver/Src/stm32f1xx_hal_rcc.c" -mcpu=cortex-m3 -std=gnu11 -g -DDEBUG -DUSE_HAL_DRIVER -DSTM32F103xB -c -I../Core/Inc -I../Drivers/STM32F1xx_HAL_Driver/Inc -I../Drivers/STM32F1xx_HAL_Driver/Inc/Legacy -I../Drivers/CMSIS/Device/ST/STM32F1xx/Include -I../Drivers/CMSIS/Include -O0 -ffunction-sections -fdata-sections -Wall -fstack-usage -fcyclomatic-complexity -MMD -MP -MF"Drivers/STM32F1xx_HAL_Driver/Src/stm32f1xx_hal_rcc.d" -MT"Drivers/STM32F1xx_HAL_Driver/Src/stm32f1xx_hal_rcc.o" --specs=nano.specs -mfloat-abi=soft -mthumb -o "Drivers/STM32F1xx_HAL_Driver/Src/stm32f1xx_hal_rcc.o"
arm-none-eabi-gcc "../Drivers/STM32F1xx_HAL_Driver/Src/stm32f1xx_hal_rcc_ex.c" -mcpu=cortex-m3 -std=gnu11 -g -DDEBUG -DUSE_HAL_DRIVER -DSTM32F103xB -c -I../Core/Inc -I../Drivers/STM32F1xx_HAL_Driver/Inc -I../Drivers/STM32F1xx_HAL_Driver/Inc/Legacy -I../Drivers/CMSIS/Device/ST/STM32F1xx/Include -I../Drivers/CMSIS/Include -O0 -ffunction-sections -fdata-sections -Wall -fstack-usage -fcyclomatic-complexity -MMD -MP -MF"Drivers/STM32F1xx_HAL_Driver/Src/stm32f1xx_hal_rcc_ex.d" -MT"Drivers/STM32F1xx_HAL_Driver/Src/stm32f1xx_hal_rcc_ex.o" --specs=nano.specs -mfloat-abi=soft -mthumb -o "Drivers/STM32F1xx_HAL_Driver/Src/stm32f1xx_hal_rcc_ex.o"
arm-none-eabi-gcc "../Drivers/STM32F1xx_HAL_Driver/Src/stm32f1xx_hal_spi.c" -mcpu=cortex-m3 -std=gnu11 -g -DDEBUG -DUSE_HAL_DRIVER -DSTM32F103xB -c -I../Core/Inc -I../Drivers/STM32F1xx_HAL_Driver/Inc -I../Drivers/STM32F1xx_HAL_Driver/Inc/Legacy -I../Drivers/CMSIS/Device/ST/STM32F1xx/Include -I../Drivers/CMSIS/Include -O0 -ffunction-sections -fdata-sections -Wall -fstack-usage -fcyclomatic-complexity -MMD -MP -MF"Drivers/STM32F1xx_HAL_Driver/Src/stm32f1xx_hal_spi.d" -MT"Drivers/STM32F1xx_HAL_Driver/Src/stm32f1xx_hal_spi.o" --specs=nano.specs -mfloat-abi=soft -mthumb -o "Drivers/STM32F1xx_HAL_Driver/Src/stm32f1xx_hal_spi.o"
arm-none-eabi-gcc "../Drivers/STM32F1xx_HAL_Driver/Src/stm32f1xx_hal_tim.c" -mcpu=cortex-m3 -std=gnu11 -g -DDEBUG -DUSE_HAL_DRIVER -DSTM32F103xB -c -I../Core/Inc -I../Drivers/STM32F1xx_HAL_Driver/Inc -I../Drivers/STM32F1xx_HAL_Driver/Inc/Legacy -I../Drivers/CMSIS/Device/ST/STM32F1xx/Include -I../Drivers/CMSIS/Include -O0 -ffunction-sections -fdata-sections -Wall -fstack-usage -fcyclomatic-complexity -MMD -MP -MF"Drivers/STM32F1xx_HAL_Driver/Src/stm32f1xx_hal_tim.d" -MT"Drivers/STM32F1xx_HAL_Driver/Src/stm32f1xx_hal_tim.o" --specs=nano.specs -mfloat-abi=soft -mthumb -o "Drivers/STM32F1xx_HAL_Driver/Src/stm32f1xx_hal_tim.o"
arm-none-eabi-gcc "../Drivers/STM32F1xx_HAL_Driver/Src/stm32f1xx_hal_tim_ex.c" -mcpu=cortex-m3 -std=gnu11 -g -DDEBUG -DUSE_HAL_DRIVER -DSTM32F103xB -c -I../Core/Inc -I../Drivers/STM32F1xx_HAL_Driver/Inc -I../Drivers/STM32F1xx_HAL_Driver/Inc/Legacy -I../Drivers/CMSIS/Device/ST/STM32F1xx/Include -I../Drivers/CMSIS/Include -O0 -ffunction-sections -fdata-sections -Wall -fstack-usage -fcyclomatic-complexity -MMD -MP -MF"Drivers/STM32F1xx_HAL_Driver/Src/stm32f1xx_hal_tim_ex.d" -MT"Drivers/STM32F1xx_HAL_Driver/Src/stm32f1xx_hal_tim_ex.o" --specs=nano.specs -mfloat-abi=soft -mthumb -o "Drivers/STM32F1xx_HAL_Driver/Src/stm32f1xx_hal_tim_ex.o"
arm-none-eabi-gcc "../Drivers/STM32F1xx_HAL_Driver/Src/stm32f1xx_hal_uart.c" -mcpu=cortex-m3 -std=gnu11 -g -DDEBUG -DUSE_HAL_DRIVER -DSTM32F103xB -c -I../Core/Inc -I../Drivers/STM32F1xx_HAL_Driver/Inc -I../Drivers/STM32F1xx_HAL_Driver/Inc/Legacy -I../Drivers/CMSIS/Device/ST/STM32F1xx/Include -I../Drivers/CMSIS/Include -O0 -ffunction-sections -fdata-sections -Wall -fstack-usage -fcyclomatic-complexity -MMD -MP -MF"Drivers/STM32F1xx_HAL_Driver/Src/stm32f1xx_hal_uart.d" -MT"Drivers/STM32F1xx_HAL_Driver/Src/stm32f1xx_hal_uart.o" --specs=nano.specs -mfloat-abi=soft -mthumb -o "Drivers/STM32F1xx_HAL_Driver/Src/stm32f1xx_hal_uart.o"
arm-none-eabi-gcc -mcpu=cortex-m3 -g -DDEBUG -c -x assembler-with-cpp -MMD -MP -MF"Core/Startup/startup_stm32f103rbtx.d" -MT"Core/Startup/startup_stm32f103rbtx.o" --specs=nano.specs -mfloat-abi=soft -mthumb -o "Core/Startup/startup_stm32f103rbtx.o" "../Core/Startup/startup_stm32f103rbtx.s"
arm-none-eabi-gcc "../Core/Src/main.c" -mcpu=cortex-m3 -std=gnu11 -g -DDEBUG -DUSE_HAL_DRIVER -DSTM32F103xB -c -I../Core/Inc -I../Drivers/STM32F1xx_HAL_Driver/Inc -I../Drivers/STM32F1xx_HAL_Driver/Inc/Legacy -I../Drivers/CMSIS/Device/ST/STM32F1xx/Include -I../Drivers/CMSIS/Include -O0 -ffunction-sections -fdata-sections -Wall -fstack-usage -fcyclomatic-complexity -MMD -MP -MF"Core/Src/main.d" -MT"Core/Src/main.o" --specs=nano.specs -mfloat-abi=soft -mthumb -o "Core/Src/main.o"
arm-none-eabi-gcc "../Core/Src/stm32f1xx_hal_msp.c" -mcpu=cortex-m3 -std=gnu11 -g -DDEBUG -DUSE_HAL_DRIVER -DSTM32F103xB -c -I../Core/Inc -I../Drivers/STM32F1xx_HAL_Driver/Inc -I../Drivers/STM32F1xx_HAL_Driver/Inc/Legacy -I../Drivers/CMSIS/Device/ST/STM32F1xx/Include -I../Drivers/CMSIS/Include -O0 -ffunction-sections -fdata-sections -Wall -fstack-usage -fcyclomatic-complexity -MMD -MP -MF"Core/Src/stm32f1xx_hal_msp.d" -MT"Core/Src/stm32f1xx_hal_msp.o" --specs=nano.specs -mfloat-abi=soft -mthumb -o "Core/Src/stm32f1xx_hal_msp.o"
arm-none-eabi-gcc "../Core/Src/stm32f1xx_it.c" -mcpu=cortex-m3 -std=gnu11 -g -DDEBUG -DUSE_HAL_DRIVER -DSTM32F103xB -c -I../Core/Inc -I../Drivers/STM32F1xx_HAL_Driver/Inc -I../Drivers/STM32F1xx_HAL_Driver/Inc/Legacy -I../Drivers/CMSIS/Device/ST/STM32F1xx/Include -I../Drivers/CMSIS/Include -O0 -ffunction-sections -fdata-sections -Wall -fstack-usage -fcyclomatic-complexity -MMD -MP -MF"Core/Src/stm32f1xx_it.d" -MT"Core/Src/stm32f1xx_it.o" --specs=nano.specs -mfloat-abi=soft -mthumb -o "Core/Src/stm32f1xx_it.o"
arm-none-eabi-gcc "../Core/Src/syscalls.c" -mcpu=cortex-m3 -std=gnu11 -g -DDEBUG -DUSE_HAL_DRIVER -DSTM32F103xB -c -I../Core/Inc -I../Drivers/STM32F1xx_HAL_Driver/Inc -I../Drivers/STM32F1xx_HAL_Driver/Inc/Legacy -I../Drivers/CMSIS/Device/ST/STM32F1xx/Include -I../Drivers/CMSIS/Include -O0 -ffunction-sections -fdata-sections -Wall -fstack-usage -fcyclomatic-complexity -MMD -MP -MF"Core/Src/syscalls.d" -MT"Core/Src/syscalls.o" --specs=nano.specs -mfloat-abi=soft -mthumb -o "Core/Src/syscalls.o"
arm-none-eabi-gcc "../Core/Src/sysmem.c" -mcpu=cortex-m3 -std=gnu11 -g -DDEBUG -DUSE_HAL_DRIVER -DSTM32F103xB -c -I../Core/Inc -I../Drivers/STM32F1xx_HAL_Driver/Inc -I../Drivers/STM32F1xx_HAL_Driver/Inc/Legacy -I../Drivers/CMSIS/Device/ST/STM32F1xx/Include -I../Drivers/CMSIS/Include -O0 -ffunction-sections -fdata-sections -Wall -fstack-usage -fcyclomatic-complexity -MMD -MP -MF"Core/Src/sysmem.d" -MT"Core/Src/sysmem.o" --specs=nano.specs -mfloat-abi=soft -mthumb -o "Core/Src/sysmem.o"
arm-none-eabi-gcc "../Core/Src/system_stm32f1xx.c" -mcpu=cortex-m3 -std=gnu11 -g -DDEBUG -DUSE_HAL_DRIVER -DSTM32F103xB -c -I../Core/Inc -I../Drivers/STM32F1xx_HAL_Driver/Inc -I../Drivers/STM32F1xx_HAL_Driver/Inc/Legacy -I../Drivers/CMSIS/Device/ST/STM32F1xx/Include -I../Drivers/CMSIS/Include -O0 -ffunction-sections -fdata-sections -Wall -fstack-usage -fcyclomatic-complexity -MMD -MP -MF"Core/Src/system_stm32f1xx.d" -MT"Core/Src/system_stm32f1xx.o" --specs=nano.specs -mfloat-abi=soft -mthumb -o "Core/Src/system_stm32f1xx.o"
../Core/Src/main.c: In function 'main':
../Core/Src/main.c:209:11: warning: implicit declaration of function 'printf' [-Wimplicit-function-declaration]
  209 |           printf("Temperature: %2.1f degC\n", tCelsius);
      |           ^~~~~~
../Core/Src/main.c:21:1: note: include '<stdio.h>' or provide a declaration of 'printf'
   20 | #include "main.h"
  +++ |+#include <stdio.h>
   21 | 
../Core/Src/main.c:209:11: warning: incompatible implicit declaration of built-in function 'printf' [-Wbuiltin-declaration-mismatch]
  209 |           printf("Temperature: %2.1f degC\n", tCelsius);
      |           ^~~~~~
../Core/Src/main.c:209:11: note: include '<stdio.h>' or provide a declaration of 'printf'
../Core/Src/main.c:213:11: warning: implicit declaration of function 'memcpy' [-Wimplicit-function-declaration]
  213 |           memcpy(buffer, data, sizeof(data));
      |           ^~~~~~
../Core/Src/main.c:21:1: note: include '<string.h>' or provide a declaration of 'memcpy'
   20 | #include "main.h"
  +++ |+#include <string.h>
   21 | 
../Core/Src/main.c:213:11: warning: incompatible implicit declaration of built-in function 'memcpy' [-Wbuiltin-declaration-mismatch]
  213 |           memcpy(buffer, data, sizeof(data));
      |           ^~~~~~
../Core/Src/main.c:213:11: note: include '<string.h>' or provide a declaration of 'memcpy'
arm-none-eabi-gcc -o "STM32Proj.elf" @"objects.list"   -mcpu=cortex-m3 -T"C:\Users\Oazis\Desktop\University\Summer Research Project\STM32project\Embedded-C\AirMonitor\STM32Proj\STM32F103RBTX_FLASH.ld" --specs=nosys.specs -Wl,-Map="STM32Proj.map" -Wl,--gc-sections -static -u _printf_float --specs=nano.specs -mfloat-abi=soft -mthumb -Wl,--start-group -lc -lm -Wl,--end-group
Finished building target: STM32Proj.elf
 
arm-none-eabi-size  STM32Proj.elf 
arm-none-eabi-objdump -h -S STM32Proj.elf  > "STM32Proj.list"
   text	   data	    bss	    dec	    hex	filename
  27124	    468	   2260	  29852	   749c	STM32Proj.elf
Finished building: default.size.stdout
 
Finished building: STM32Proj.list
 
